Archive member included to satisfy reference by file (symbol)

/home/thuanphat7/st/stm32cubeide_1.15.1/plugins/com.st.stm32cube.ide.mcu.externaltools.gnu-tools-for-stm32.12.3.rel1.linux64_1.0.100.202403111256/tools/bin/../lib/gcc/arm-none-eabi/12.3.1/../../../../arm-none-eabi/lib/thumb/v7-m/nofp/libc_nano.a(libc_a-exit.o)
                              /home/thuanphat7/st/stm32cubeide_1.15.1/plugins/com.st.stm32cube.ide.mcu.externaltools.gnu-tools-for-stm32.12.3.rel1.linux64_1.0.100.202403111256/tools/bin/../lib/gcc/arm-none-eabi/12.3.1/../../../../arm-none-eabi/lib/thumb/v7-m/nofp/crt0.o (exit)
/home/thuanphat7/st/stm32cubeide_1.15.1/plugins/com.st.stm32cube.ide.mcu.externaltools.gnu-tools-for-stm32.12.3.rel1.linux64_1.0.100.202403111256/tools/bin/../lib/gcc/arm-none-eabi/12.3.1/../../../../arm-none-eabi/lib/thumb/v7-m/nofp/libc_nano.a(libc_a-malloc.o)
                              ./Core/Src/cJSON.o (malloc)
/home/thuanphat7/st/stm32cubeide_1.15.1/plugins/com.st.stm32cube.ide.mcu.externaltools.gnu-tools-for-stm32.12.3.rel1.linux64_1.0.100.202403111256/tools/bin/../lib/gcc/arm-none-eabi/12.3.1/../../../../arm-none-eabi/lib/thumb/v7-m/nofp/libc_nano.a(libc_a-mallocr.o)
                              /home/thuanphat7/st/stm32cubeide_1.15.1/plugins/com.st.stm32cube.ide.mcu.externaltools.gnu-tools-for-stm32.12.3.rel1.linux64_1.0.100.202403111256/tools/bin/../lib/gcc/arm-none-eabi/12.3.1/../../../../arm-none-eabi/lib/thumb/v7-m/nofp/libc_nano.a(libc_a-malloc.o) (_malloc_r)
/home/thuanphat7/st/stm32cubeide_1.15.1/plugins/com.st.stm32cube.ide.mcu.externaltools.gnu-tools-for-stm32.12.3.rel1.linux64_1.0.100.202403111256/tools/bin/../lib/gcc/arm-none-eabi/12.3.1/../../../../arm-none-eabi/lib/thumb/v7-m/nofp/libc_nano.a(libc_a-mlock.o)
                              /home/thuanphat7/st/stm32cubeide_1.15.1/plugins/com.st.stm32cube.ide.mcu.externaltools.gnu-tools-for-stm32.12.3.rel1.linux64_1.0.100.202403111256/tools/bin/../lib/gcc/arm-none-eabi/12.3.1/../../../../arm-none-eabi/lib/thumb/v7-m/nofp/libc_nano.a(libc_a-mallocr.o) (__malloc_lock)
/home/thuanphat7/st/stm32cubeide_1.15.1/plugins/com.st.stm32cube.ide.mcu.externaltools.gnu-tools-for-stm32.12.3.rel1.linux64_1.0.100.202403111256/tools/bin/../lib/gcc/arm-none-eabi/12.3.1/../../../../arm-none-eabi/lib/thumb/v7-m/nofp/libc_nano.a(libc_a-realloc.o)
                              ./Core/Src/cJSON.o (realloc)
/home/thuanphat7/st/stm32cubeide_1.15.1/plugins/com.st.stm32cube.ide.mcu.externaltools.gnu-tools-for-stm32.12.3.rel1.linux64_1.0.100.202403111256/tools/bin/../lib/gcc/arm-none-eabi/12.3.1/../../../../arm-none-eabi/lib/thumb/v7-m/nofp/libc_nano.a(libc_a-reallocr.o)
                              /home/thuanphat7/st/stm32cubeide_1.15.1/plugins/com.st.stm32cube.ide.mcu.externaltools.gnu-tools-for-stm32.12.3.rel1.linux64_1.0.100.202403111256/tools/bin/../lib/gcc/arm-none-eabi/12.3.1/../../../../arm-none-eabi/lib/thumb/v7-m/nofp/libc_nano.a(libc_a-realloc.o) (_realloc_r)
/home/thuanphat7/st/stm32cubeide_1.15.1/plugins/com.st.stm32cube.ide.mcu.externaltools.gnu-tools-for-stm32.12.3.rel1.linux64_1.0.100.202403111256/tools/bin/../lib/gcc/arm-none-eabi/12.3.1/../../../../arm-none-eabi/lib/thumb/v7-m/nofp/libc_nano.a(libc_a-strtod.o)
                              ./Core/Src/cJSON.o (strtod)
/home/thuanphat7/st/stm32cubeide_1.15.1/plugins/com.st.stm32cube.ide.mcu.externaltools.gnu-tools-for-stm32.12.3.rel1.linux64_1.0.100.202403111256/tools/bin/../lib/gcc/arm-none-eabi/12.3.1/../../../../arm-none-eabi/lib/thumb/v7-m/nofp/libc_nano.a(libc_a-ctype_.o)
                              ./Core/Src/cJSON.o (_ctype_)
/home/thuanphat7/st/stm32cubeide_1.15.1/plugins/com.st.stm32cube.ide.mcu.externaltools.gnu-tools-for-stm32.12.3.rel1.linux64_1.0.100.202403111256/tools/bin/../lib/gcc/arm-none-eabi/12.3.1/../../../../arm-none-eabi/lib/thumb/v7-m/nofp/libc_nano.a(libc_a-findfp.o)
                              /home/thuanphat7/st/stm32cubeide_1.15.1/plugins/com.st.stm32cube.ide.mcu.externaltools.gnu-tools-for-stm32.12.3.rel1.linux64_1.0.100.202403111256/tools/bin/../lib/gcc/arm-none-eabi/12.3.1/../../../../arm-none-eabi/lib/thumb/v7-m/nofp/libc_nano.a(libc_a-exit.o) (__stdio_exit_handler)
/home/thuanphat7/st/stm32cubeide_1.15.1/plugins/com.st.stm32cube.ide.mcu.externaltools.gnu-tools-for-stm32.12.3.rel1.linux64_1.0.100.202403111256/tools/bin/../lib/gcc/arm-none-eabi/12.3.1/../../../../arm-none-eabi/lib/thumb/v7-m/nofp/libc_nano.a(libc_a-fwalk.o)
                              /home/thuanphat7/st/stm32cubeide_1.15.1/plugins/com.st.stm32cube.ide.mcu.externaltools.gnu-tools-for-stm32.12.3.rel1.linux64_1.0.100.202403111256/tools/bin/../lib/gcc/arm-none-eabi/12.3.1/../../../../arm-none-eabi/lib/thumb/v7-m/nofp/libc_nano.a(libc_a-findfp.o) (_fwalk_sglue)
[...]
Memory Configuration

Name             Origin             Length             Attributes
RAM              0x20000000         0x00010000         xrw
FLASH            0x08000000         0x00080000         xr
*default*        0x00000000         0xffffffff

Linker script and memory map

LOAD /home/thuanphat7/st/stm32cubeide_1.15.1/plugins/com.st.stm32cube.ide.mcu.externaltools.gnu-tools-for-stm32.12.3.rel1.linux64_1.0.100.202403111256/tools/bin/../lib/gcc/arm-none-eabi/12.3.1/thumb/v7-m/nofp/crti.o
LOAD /home/thuanphat7/st/stm32cubeide_1.15.1/plugins/com.st.stm32cube.ide.mcu.externaltools.gnu-tools-for-stm32.12.3.rel1.linux64_1.0.100.202403111256/tools/bin/../lib/gcc/arm-none-eabi/12.3.1/thumb/v7-m/nofp/crtbegin.o
LOAD /home/thuanphat7/st/stm32cubeide_1.15.1/plugins/com.st.stm32cube.ide.mcu.externaltools.gnu-tools-for-stm32.12.3.rel1.linux64_1.0.100.202403111256/tools/bin/../lib/gcc/arm-none-eabi/12.3.1/../../../../arm-none-eabi/lib/thumb/v7-m/nofp/crt0.o
LOAD ./Core/Src/cJSON.o
LOAD ./Core/Src/common_simcom.o
LOAD ./Core/Src/connectivity.o
LOAD ./Core/Src/level_battery.o
LOAD ./Core/Src/main.o
LOAD ./Core/Src/ss_yb2jf.o
LOAD ./Core/Src/status_coild.o
LOAD ./Core/Src/stm32f1xx_hal_msp.o
LOAD ./Core/Src/stm32f1xx_it.o
LOAD ./Core/Src/syscalls.o
LOAD ./Core/Src/sysmem.o
LOAD ./Core/Src/system_stm32f1xx.o
LOAD ./Core/Startup/startup_stm32f103retx.o
LOAD ./Drivers/STM32F1xx_HAL_Driver/Src/stm32f1xx_hal.o
LOAD ./Drivers/STM32F1xx_HAL_Driver/Src/stm32f1xx_hal_adc.o
LOAD ./Drivers/STM32F1xx_HAL_Driver/Src/stm32f1xx_hal_adc_ex.o
LOAD ./Drivers/STM32F1xx_HAL_Driver/Src/stm32f1xx_hal_cortex.o
LOAD ./Drivers/STM32F1xx_HAL_Driver/Src/stm32f1xx_hal_dma.o
LOAD ./Drivers/STM32F1xx_HAL_Driver/Src/stm32f1xx_hal_exti.o
LOAD ./Drivers/STM32F1xx_HAL_Driver/Src/stm32f1xx_hal_flash.o
LOAD ./Drivers/STM32F1xx_HAL_Driver/Src/stm32f1xx_hal_flash_ex.o
LOAD ./Drivers/STM32F1xx_HAL_Driver/Src/stm32f1xx_hal_gpio.o
LOAD ./Drivers/STM32F1xx_HAL_Driver/Src/stm32f1xx_hal_gpio_ex.o
LOAD ./Drivers/STM32F1xx_HAL_Driver/Src/stm32f1xx_hal_pwr.o
LOAD ./Drivers/STM32F1xx_HAL_Driver/Src/stm32f1xx_hal_rcc.o
LOAD ./Drivers/STM32F1xx_HAL_Driver/Src/stm32f1xx_hal_rcc_ex.o
LOAD ./Drivers/STM32F1xx_HAL_Driver/Src/stm32f1xx_hal_tim.o
LOAD ./Drivers/STM32F1xx_HAL_Driver/Src/stm32f1xx_hal_tim_ex.o
LOAD ./Drivers/STM32F1xx_HAL_Driver/Src/stm32f1xx_hal_uart.o
START GROUP
LOAD /home/thuanphat7/st/stm32cubeide_1.15.1/plugins/com.st.stm32cube.ide.mcu.externaltools.gnu-tools-for-stm32.12.3.rel1.linux64_1.0.100.202403111256/tools/bin/../lib/gcc/arm-none-eabi/12.3.1/../../../../arm-none-eabi/lib/thumb/v7-m/nofp/libc_nano.a
LOAD /home/thuanphat7/st/stm32cubeide_1.15.1/plugins/com.st.stm32cube.ide.mcu.externaltools.gnu-tools-for-stm32.12.3.rel1.linux64_1.0.100.202403111256/tools/bin/../lib/gcc/arm-none-eabi/12.3.1/../../../../arm-none-eabi/lib/thumb/v7-m/nofp/libm.a
END GROUP
START GROUP
LOAD /home/thuanphat7/st/stm32cubeide_1.15.1/plugins/com.st.stm32cube.ide.mcu.externaltools.gnu-tools-for-stm32.12.3.rel1.linux64_1.0.100.202403111256/tools/bin/../lib/gcc/arm-none-eabi/12.3.1/thumb/v7-m/nofp/libgcc.a
LOAD /home/thuanphat7/st/stm32cubeide_1.15.1/plugins/com.st.stm32cube.ide.mcu.externaltools.gnu-tools-for-stm32.12.3.rel1.linux64_1.0.100.202403111256/tools/bin/../lib/gcc/arm-none-eabi/12.3.1/../../../../arm-none-eabi/lib/thumb/v7-m/nofp/libc_nano.a
END GROUP
START GROUP
LOAD /home/thuanphat7/st/stm32cubeide_1.15.1/plugins/com.st.stm32cube.ide.mcu.externaltools.gnu-tools-for-stm32.12.3.rel1.linux64_1.0.100.202403111256/tools/bin/../lib/gcc/arm-none-eabi/12.3.1/thumb/v7-m/nofp/libgcc.a
LOAD /home/thuanphat7/st/stm32cubeide_1.15.1/plugins/com.st.stm32cube.ide.mcu.externaltools.gnu-tools-for-stm32.12.3.rel1.linux64_1.0.100.202403111256/tools/bin/../lib/gcc/arm-none-eabi/12.3.1/../../../../arm-none-eabi/lib/thumb/v7-m/nofp/libc_nano.a
LOAD /home/thuanphat7/st/stm32cubeide_1.15.1/plugins/com.st.stm32cube.ide.mcu.externaltools.gnu-tools-for-stm32.12.3.rel1.linux64_1.0.100.202403111256/tools/bin/../lib/gcc/arm-none-eabi/12.3.1/../../../../arm-none-eabi/lib/thumb/v7-m/nofp/libnosys.a
END GROUP
START GROUP
LOAD /home/thuanphat7/st/stm32cubeide_1.15.1/plugins/com.st.stm32cube.ide.mcu.externaltools.gnu-tools-for-stm32.12.3.rel1.linux64_1.0.100.202403111256/tools/bin/../lib/gcc/arm-none-eabi/12.3.1/thumb/v7-m/nofp/libgcc.a
LOAD /home/thuanphat7/st/stm32cubeide_1.15.1/plugins/com.st.stm32cube.ide.mcu.externaltools.gnu-tools-for-stm32.12.3.rel1.linux64_1.0.100.202403111256/tools/bin/../lib/gcc/arm-none-eabi/12.3.1/../../../../arm-none-eabi/lib/thumb/v7-m/nofp/libc_nano.a
LOAD /home/thuanphat7/st/stm32cubeide_1.15.1/plugins/com.st.stm32cube.ide.mcu.externaltools.gnu-tools-for-stm32.12.3.rel1.linux64_1.0.100.202403111256/tools/bin/../lib/gcc/arm-none-eabi/12.3.1/../../../../arm-none-eabi/lib/thumb/v7-m/nofp/libnosys.a
END GROUP
LOAD /home/thuanphat7/st/stm32cubeide_1.15.1/plugins/com.st.stm32cube.ide.mcu.externaltools.gnu-tools-for-stm32.12.3.rel1.linux64_1.0.100.202403111256/tools/bin/../lib/gcc/arm-none-eabi/12.3.1/thumb/v7-m/nofp/crtend.o
LOAD /home/thuanphat7/st/stm32cubeide_1.15.1/plugins/com.st.stm32cube.ide.mcu.externaltools.gnu-tools-for-stm32.12.3.rel1.linux64_1.0.100.202403111256/tools/bin/../lib/gcc/arm-none-eabi/12.3.1/thumb/v7-m/nofp/crtn.o
                0x20010000                        _estack = (ORIGIN (RAM) + LENGTH (RAM))
                0x00000200                        _Min_Heap_Size = 0x200
                0x00000400                        _Min_Stack_Size = 0x400

.isr_vector     0x08000000      0x1e4
                0x08000000                        . = ALIGN (0x4)
 *(.isr_vector)
 .isr_vector    0x08000000      0x1e4 ./Core/Startup/startup_stm32f103retx.o
                0x08000000                g_pfnVectors
                0x080001e4                        . = ALIGN (0x4)

.text           0x080001e8     0x8b58
                0x080001e8                        . = ALIGN (0x4)
 *(.text)
 .text          0x080001e8       0x40 /home/thuanphat7/st/stm32cubeide_1.15.1/plugins/com.st.stm32cube.ide.mcu.externaltools.gnu-tools-for-stm32.12.3.rel1.linux64_1.0.100.202403111256/tools/bin/../lib/gcc/arm-none-eabi/12.3.1/thumb/v7-m/nofp/crtbegin.o
 .text          0x08000228       0x10 /home/thuanphat7/st/stm32cubeide_1.15.1/plugins/com.st.stm32cube.ide.mcu.externaltools.gnu-tools-for-stm32.12.3.rel1.linux64_1.0.100.202403111256/tools/bin/../lib/gcc/arm-none-eabi/12.3.1/../../../../arm-none-eabi/lib/thumb/v7-m/nofp/libc_nano.a(libc_a-strlen.o)
                0x08000228                strlen
 .text          0x08000238      0x378 /home/thuanphat7/st/stm32cubeide_1.15.1/plugins/com.st.stm32cube.ide.mcu.externaltools.gnu-tools-for-stm32.12.3.rel1.linux64_1.0.100.202403111256/tools/bin/../lib/gcc/arm-none-eabi/12.3.1/thumb/v7-m/nofp/libgcc.a(_arm_addsubdf3.o)
                0x08000238                __aeabi_drsub
                0x08000240                __aeabi_dsub
                0x08000240                __subdf3
                0x08000244                __adddf3
                0x08000244                __aeabi_dadd
                0x080004bc                __aeabi_ui2d
                0x080004bc                __floatunsidf
                0x080004dc                __floatsidf
                0x080004dc                __aeabi_i2d
                0x08000500                __extendsfdf2
                0x08000500                __aeabi_f2d
                0x08000544                __aeabi_ul2d
                0x08000544                __floatundidf
                0x08000554                __floatdidf
                0x08000554                __aeabi_l2d
 .text          0x080005b0      0x424 /home/thuanphat7/st/stm32cubeide_1.15.1/plugins/com.st.stm32cube.ide.mcu.externaltools.gnu-tools-for-stm32.12.3.rel1.linux64_1.0.100.202403111256/tools/bin/../lib/gcc/arm-none-eabi/12.3.1/thumb/v7-m/nofp/libgcc.a(_arm_muldivdf3.o)
                0x080005b0                __aeabi_dmul
                0x080005b0                __muldf3
                0x08000804                __aeabi_ddiv
                0x08000804                __divdf3
 .text          0x080009d4      0x110 /home/thuanphat7/st/stm32cubeide_1.15.1/plugins/com.st.stm32cube.ide.mcu.externaltools.gnu-tools-for-stm32.12.3.rel1.linux64_1.0.100.202403111256/tools/bin/../lib/gcc/arm-none-eabi/12.3.1/thumb/v7-m/nofp/libgcc.a(_arm_cmpdf2.o)
                0x080009d4                __gtdf2
                0x080009d4                __gedf2
                0x080009dc                __ltdf2
                0x080009dc                __ledf2
                0x080009e4                __cmpdf2
                0x080009e4                __eqdf2
                0x080009e4                __nedf2
                0x08000a60                __aeabi_cdrcmple
                0x08000a70                __aeabi_cdcmple
                0x08000a70                __aeabi_cdcmpeq
                0x08000a80                __aeabi_dcmpeq
                0x08000a94                __aeabi_dcmplt
                0x08000aa8                __aeabi_dcmple
                0x08000abc                __aeabi_dcmpge
                0x08000ad0                __aeabi_dcmpgt
 .text          0x08000ae4       0x2c /home/thuanphat7/st/stm32cubeide_1.15.1/plugins/com.st.stm32cube.ide.mcu.externaltools.gnu-tools-for-stm32.12.3.rel1.linux64_1.0.100.202403111256/tools/bin/../lib/gcc/arm-none-eabi/12.3.1/thumb/v7-m/nofp/libgcc.a(_arm_unorddf2.o)
                0x08000ae4                __aeabi_dcmpun
                0x08000ae4                __unorddf2
 .text          0x08000b10       0x50 /home/thuanphat7/st/stm32cubeide_1.15.1/plugins/com.st.stm32cube.ide.mcu.externaltools.gnu-tools-for-stm32.12.3.rel1.linux64_1.0.100.202403111256/tools/bin/../lib/gcc/arm-none-eabi/12.3.1/thumb/v7-m/nofp/libgcc.a(_arm_fixdfsi.o)
                0x08000b10                __fixdfsi
                0x08000b10                __aeabi_d2iz
 .text          0x08000b60      0x21c /home/thuanphat7/st/stm32cubeide_1.15.1/plugins/com.st.stm32cube.ide.mcu.externaltools.gnu-tools-for-stm32.12.3.rel1.linux64_1.0.100.202403111256/tools/bin/../lib/gcc/arm-none-eabi/12.3.1/thumb/v7-m/nofp/libgcc.a(_arm_addsubsf3.o)
                0x08000b60                __aeabi_frsub
                0x08000b68                __subsf3
                0x08000b68                __aeabi_fsub
                0x08000b6c                __aeabi_fadd
                0x08000b6c                __addsf3
                0x08000ccc                __aeabi_ui2f
                0x08000ccc                __floatunsisf
                0x08000cd4                __aeabi_i2f
                0x08000cd4                __floatsisf
                0x08000cf0                __floatundisf
                0x08000cf0                __aeabi_ul2f
                0x08000d00                __floatdisf
                0x08000d00                __aeabi_l2f
 .text          0x08000d7c      0x2a0 /home/thuanphat7/st/stm32cubeide_1.15.1/plugins/com.st.stm32cube.ide.mcu.externaltools.gnu-tools-for-stm32.12.3.rel1.linux64_1.0.100.202403111256/tools/bin/../lib/gcc/arm-none-eabi/12.3.1/thumb/v7-m/nofp/libgcc.a(_arm_muldivsf3.o)
                0x08000d7c                __mulsf3
                0x08000d7c                __aeabi_fmul
                0x08000ee4                __divsf3
                0x08000ee4                __aeabi_fdiv
 .text          0x0800101c       0xec /home/thuanphat7/st/stm32cubeide_1.15.1/plugins/com.st.stm32cube.ide.mcu.externaltools.gnu-tools-for-stm32.12.3.rel1.linux64_1.0.100.202403111256/tools/bin/../lib/gcc/arm-none-eabi/12.3.1/thumb/v7-m/nofp/libgcc.a(_arm_cmpsf2.o)
                0x0800101c                __gtsf2
                0x0800101c                __gesf2
                0x08001024                __lesf2
                0x08001024                __ltsf2
                0x0800102c                __nesf2
                0x0800102c                __eqsf2
                0x0800102c                __cmpsf2
                0x0800108c                __aeabi_cfrcmple
                0x08001094                __aeabi_cfcmple
                0x08001094                __aeabi_cfcmpeq
                0x080010a4                __aeabi_fcmpeq
                0x080010b8                __aeabi_fcmplt
                0x080010cc                __aeabi_fcmple
                0x080010e0                __aeabi_fcmpge
                0x080010f4                __aeabi_fcmpgt
 .text          0x08001108       0x4c /home/thuanphat7/st/stm32cubeide_1.15.1/plugins/com.st.stm32cube.ide.mcu.externaltools.gnu-tools-for-stm32.12.3.rel1.linux64_1.0.100.202403111256/tools/bin/../lib/gcc/arm-none-eabi/12.3.1/thumb/v7-m/nofp/libgcc.a(_arm_fixsfsi.o)
                0x08001108                __fixsfsi
                0x08001108                __aeabi_f2iz
 *(.text*)
 .text.cJSON_strdup
                0x08001154       0x50 ./Core/Src/cJSON.o
 .text.cJSON_New_Item
                0x080011a4       0x2c ./Core/Src/cJSON.o
 .text.cJSON_Delete
                0x080011d0       0xa0 ./Core/Src/cJSON.o
                0x080011d0                cJSON_Delete
 .text.get_decimal_point
                0x08001270        0xe ./Core/Src/cJSON.o
 .text.ensure   0x0800127e      0x134 ./Core/Src/cJSON.o
 .text.update_offset
                0x080013b2       0x42 ./Core/Src/cJSON.o
 .text.compare_double
                0x080013f4       0xa0 ./Core/Src/cJSON.o
 .text.print_number
                0x08001494      0x1d8 ./Core/Src/cJSON.o
 .text.print_string_ptr
                0x0800166c      0x260 ./Core/Src/cJSON.o
 .text.print_string
                0x080018cc       0x20 ./Core/Src/cJSON.o
 .text.print    0x080018ec      0x114 ./Core/Src/cJSON.o
 .text.cJSON_Print
                0x08001a00       0x20 ./Core/Src/cJSON.o
                0x08001a00                cJSON_Print
 .text.print_value
                0x08001a20      0x1c8 ./Core/Src/cJSON.o
 .text.print_array
                0x08001be8      0x10c ./Core/Src/cJSON.o
 .text.print_object
                0x08001cf4      0x23c ./Core/Src/cJSON.o
 .text.suffix_object
                0x08001f30       0x20 ./Core/Src/cJSON.o
 .text.add_item_to_array
                0x08001f50       0x6c ./Core/Src/cJSON.o
 .text.cast_away_const
                0x08001fbc       0x14 ./Core/Src/cJSON.o
 .text.add_item_to_object
                0x08001fd0       0xaa ./Core/Src/cJSON.o
 *fill*         0x0800207a        0x2 
 .text.cJSON_AddNumberToObject
                0x0800207c       0x48 ./Core/Src/cJSON.o
                0x0800207c                cJSON_AddNumberToObject
 *fill*         0x080020c4        0x4 
 .text.cJSON_CreateNumber
                0x080020c8       0x90 ./Core/Src/cJSON.o
                0x080020c8                cJSON_CreateNumber
 .text.cJSON_CreateObject
                0x08002158       0x28 ./Core/Src/cJSON.o
                0x08002158                cJSON_CreateObject
 .text.__NVIC_SystemReset
                0x08002180       0x2c ./Core/Src/common_simcom.o
 .text.turnOnA76XX
                0x080021ac       0x64 ./Core/Src/common_simcom.o
                0x080021ac                turnOnA76XX
 .text.Sleep_Stm32_A7672S
                0x08002210       0x68 ./Core/Src/common_simcom.o
                0x08002210                Sleep_Stm32_A7672S
 .text.fn_check_signal_simcom
                0x08002278      0x1a0 ./Core/Src/common_simcom.o
                0x08002278                fn_check_signal_simcom
 .text.enable_mqtt_on_gsm_modem
                0x08002418       0x5c ./Core/Src/common_simcom.o
                0x08002418                enable_mqtt_on_gsm_modem
 .text.acquire_gsm_mqtt_client
                0x08002474       0xdc ./Core/Src/common_simcom.o
                0x08002474                acquire_gsm_mqtt_client
 .text.connect_mqtt_server_by_gsm
                0x08002550       0xe8 ./Core/Src/common_simcom.o
                0x08002550                connect_mqtt_server_by_gsm
 .text.subscribe_mqtt_via_gsm
                0x08002638      0x118 ./Core/Src/common_simcom.o
                0x08002638                subscribe_mqtt_via_gsm
 .text.publish_mqtt_via_gsm
                0x08002750      0x150 ./Core/Src/common_simcom.o
                0x08002750                publish_mqtt_via_gsm
 .text.check_error_mqtt_via_gsm
                0x080028a0      0x154 ./Core/Src/common_simcom.o
                0x080028a0                check_error_mqtt_via_gsm
 .text.stop_mqtt_via_gsm
                0x080029f4      0x12c ./Core/Src/common_simcom.o
                0x080029f4                stop_mqtt_via_gsm
 .text.update_status
                0x08002b20       0xac ./Core/Src/common_simcom.o
                0x08002b20                update_status
 .text.restart_stm32
                0x08002bcc       0x24 ./Core/Src/common_simcom.o
                0x08002bcc                restart_stm32
 .text.init_cricket
                0x08002bf0      0x130 ./Core/Src/common_simcom.o
                0x08002bf0                init_cricket
 .text.event_wait_function
                0x08002d20       0x74 ./Core/Src/common_simcom.o
                0x08002d20                event_wait_function
 .text.sendingToSimcomA76xx
                0x08002d94       0x38 ./Core/Src/connectivity.o
                0x08002d94                sendingToSimcomA76xx
 .text.HAL_UARTEx_RxEventCallback
                0x08002dcc      0x1dc ./Core/Src/connectivity.o
                0x08002dcc                HAL_UARTEx_RxEventCallback
 .text.create_JSON
                0x08002fa8       0xac ./Core/Src/connectivity.o
                0x08002fa8                create_JSON
 .text.ITM_SendChar
                0x08003054       0x4c ./Core/Src/main.o
 .text._write   0x080030a0       0x38 ./Core/Src/main.o
                0x080030a0                _write
 .text.HAL_TIM_PeriodElapsedCallback
                0x080030d8       0x12 ./Core/Src/main.o
                0x080030d8                HAL_TIM_PeriodElapsedCallback
 *fill*         0x080030ea        0x2 
 .text.main     0x080030ec       0xc8 ./Core/Src/main.o
                0x080030ec                main
 .text.SystemClock_Config
                0x080031b4       0xb6 ./Core/Src/main.o
                0x080031b4                SystemClock_Config
 *fill*         0x0800326a        0x2 
 .text.MX_ADC1_Init
                0x0800326c       0x7c ./Core/Src/main.o
 .text.MX_ADC2_Init
                0x080032e8       0x7c ./Core/Src/main.o
 .text.MX_TIM6_Init
                0x08003364       0x6c ./Core/Src/main.o
 .text.MX_USART1_UART_Init
                0x080033d0       0x54 ./Core/Src/main.o
 .text.MX_GPIO_Init
                0x08003424      0x108 ./Core/Src/main.o
 .text.Error_Handler
                0x0800352c        0xc ./Core/Src/main.o
                0x0800352c                Error_Handler
 .text.map_ss   0x08003538       0x56 ./Core/Src/ss_yb2jf.o
                0x08003538                map_ss
 *fill*         0x0800358e        0x2 
 .text.read_ss  0x08003590      0x120 ./Core/Src/ss_yb2jf.o
                0x08003590                read_ss
 .text.kalman_filter
                0x080036b0       0xc0 ./Core/Src/ss_yb2jf.o
                0x080036b0                kalman_filter
 .text.Flash_Erase
                0x08003770       0x3c ./Core/Src/status_coild.o
                0x08003770                Flash_Erase
 .text.Flash_write
                0x080037ac       0x38 ./Core/Src/status_coild.o
                0x080037ac                Flash_write
 .text.write_status_load
                0x080037e4       0xa0 ./Core/Src/status_coild.o
                0x080037e4                write_status_load
 .text.HAL_MspInit
                0x08003884       0x64 ./Core/Src/stm32f1xx_hal_msp.o
                0x08003884                HAL_MspInit
 .text.HAL_ADC_MspInit
                0x080038e8       0xcc ./Core/Src/stm32f1xx_hal_msp.o
                0x080038e8                HAL_ADC_MspInit
 .text.HAL_TIM_Base_MspInit
                0x080039b4       0x4c ./Core/Src/stm32f1xx_hal_msp.o
                0x080039b4                HAL_TIM_Base_MspInit
 .text.HAL_UART_MspInit
                0x08003a00       0xa8 ./Core/Src/stm32f1xx_hal_msp.o
                0x08003a00                HAL_UART_MspInit
 .text.NMI_Handler
                0x08003aa8        0x8 ./Core/Src/stm32f1xx_it.o
                0x08003aa8                NMI_Handler
 .text.HardFault_Handler
                0x08003ab0        0x8 ./Core/Src/stm32f1xx_it.o
                0x08003ab0                HardFault_Handler
 .text.MemManage_Handler
                0x08003ab8        0x8 ./Core/Src/stm32f1xx_it.o
                0x08003ab8                MemManage_Handler
 .text.BusFault_Handler
                0x08003ac0        0x8 ./Core/Src/stm32f1xx_it.o
                0x08003ac0                BusFault_Handler
 .text.UsageFault_Handler
                0x08003ac8        0x8 ./Core/Src/stm32f1xx_it.o
                0x08003ac8                UsageFault_Handler
 .text.SVC_Handler
                0x08003ad0        0xc ./Core/Src/stm32f1xx_it.o
                0x08003ad0                SVC_Handler
 .text.DebugMon_Handler
                0x08003adc        0xc ./Core/Src/stm32f1xx_it.o
                0x08003adc                DebugMon_Handler
 .text.PendSV_Handler
                0x08003ae8        0xc ./Core/Src/stm32f1xx_it.o
                0x08003ae8                PendSV_Handler
 .text.SysTick_Handler
                0x08003af4        0xc ./Core/Src/stm32f1xx_it.o
                0x08003af4                SysTick_Handler
 .text.USART1_IRQHandler
                0x08003b00       0x14 ./Core/Src/stm32f1xx_it.o
                0x08003b00                USART1_IRQHandler
 .text.TIM6_IRQHandler
                0x08003b14       0x14 ./Core/Src/stm32f1xx_it.o
                0x08003b14                TIM6_IRQHandler
 .text._read    0x08003b28       0x3a ./Core/Src/syscalls.o
                0x08003b28                _read
 .text._close   0x08003b62       0x16 ./Core/Src/syscalls.o
                0x08003b62                _close
 .text._fstat   0x08003b78       0x1e ./Core/Src/syscalls.o
                0x08003b78                _fstat
 .text._isatty  0x08003b96       0x14 ./Core/Src/syscalls.o
                0x08003b96                _isatty
 .text._lseek   0x08003baa       0x18 ./Core/Src/syscalls.o
                0x08003baa                _lseek
 *fill*         0x08003bc2        0x2 
 .text._sbrk    0x08003bc4       0x6c ./Core/Src/sysmem.o
                0x08003bc4                _sbrk
 .text.SystemInit
                0x08003c30        0xc ./Core/Src/system_stm32f1xx.o
                0x08003c30                SystemInit
 .text.Reset_Handler
                0x08003c3c       0x48 ./Core/Startup/startup_stm32f103retx.o
                0x08003c3c                Reset_Handler
 .text.Default_Handler
                0x08003c84        0x2 ./Core/Startup/startup_stm32f103retx.o
                0x08003c84                RTC_Alarm_IRQHandler
                0x08003c84                EXTI2_IRQHandler
                0x08003c84                TIM8_TRG_COM_IRQHandler
                0x08003c84                TIM8_CC_IRQHandler
                0x08003c84                TIM1_CC_IRQHandler
                0x08003c84                PVD_IRQHandler
                0x08003c84                SDIO_IRQHandler
                0x08003c84                EXTI3_IRQHandler
                0x08003c84                EXTI0_IRQHandler
                0x08003c84                I2C2_EV_IRQHandler
                0x08003c84                ADC1_2_IRQHandler
                0x08003c84                SPI1_IRQHandler
                0x08003c84                TAMPER_IRQHandler
                0x08003c84                TIM8_UP_IRQHandler
                0x08003c84                DMA2_Channel2_IRQHandler
                0x08003c84                DMA1_Channel4_IRQHandler
                0x08003c84                USART3_IRQHandler
                0x08003c84                RTC_IRQHandler
                0x08003c84                DMA1_Channel7_IRQHandler
                0x08003c84                CAN1_RX1_IRQHandler
                0x08003c84                UART5_IRQHandler
                0x08003c84                ADC3_IRQHandler
                0x08003c84                TIM4_IRQHandler
                0x08003c84                DMA2_Channel1_IRQHandler
                0x08003c84                I2C1_EV_IRQHandler
                0x08003c84                DMA1_Channel6_IRQHandler
                0x08003c84                UART4_IRQHandler
                0x08003c84                TIM3_IRQHandler
                0x08003c84                RCC_IRQHandler
                0x08003c84                TIM1_TRG_COM_IRQHandler
                0x08003c84                DMA1_Channel1_IRQHandler
                0x08003c84                Default_Handler
                0x08003c84                EXTI15_10_IRQHandler
                0x08003c84                TIM7_IRQHandler
                0x08003c84                TIM5_IRQHandler
                0x08003c84                EXTI9_5_IRQHandler
                0x08003c84                SPI2_IRQHandler
                0x08003c84                DMA1_Channel5_IRQHandler
                0x08003c84                EXTI4_IRQHandler
                0x08003c84                USB_LP_CAN1_RX0_IRQHandler
                0x08003c84                USB_HP_CAN1_TX_IRQHandler
                0x08003c84                DMA1_Channel3_IRQHandler
                0x08003c84                FSMC_IRQHandler
                0x08003c84                TIM1_UP_IRQHandler
                0x08003c84                WWDG_IRQHandler
                0x08003c84                TIM2_IRQHandler
                0x08003c84                TIM1_BRK_IRQHandler
                0x08003c84                EXTI1_IRQHandler
                0x08003c84                DMA2_Channel4_5_IRQHandler
                0x08003c84                USART2_IRQHandler
                0x08003c84                I2C2_ER_IRQHandler
                0x08003c84                DMA1_Channel2_IRQHandler
                0x08003c84                TIM8_BRK_IRQHandler
                0x08003c84                CAN1_SCE_IRQHandler
                0x08003c84                FLASH_IRQHandler
                0x08003c84                SPI3_IRQHandler
                0x08003c84                I2C1_ER_IRQHandler
                0x08003c84                USBWakeUp_IRQHandler
                0x08003c84                DMA2_Channel3_IRQHandler
 *fill*         0x08003c86        0x2 
 .text.HAL_Init
                0x08003c88       0x2c ./Drivers/STM32F1xx_HAL_Driver/Src/stm32f1xx_hal.o
                0x08003c88                HAL_Init
 .text.HAL_InitTick
                0x08003cb4       0x60 ./Drivers/STM32F1xx_HAL_Driver/Src/stm32f1xx_hal.o
                0x08003cb4                HAL_InitTick
 .text.HAL_IncTick
                0x08003d14       0x24 ./Drivers/STM32F1xx_HAL_Driver/Src/stm32f1xx_hal.o
                0x08003d14                HAL_IncTick
 .text.HAL_GetTick
                0x08003d38       0x14 ./Drivers/STM32F1xx_HAL_Driver/Src/stm32f1xx_hal.o
                0x08003d38                HAL_GetTick
 .text.HAL_Delay
                0x08003d4c       0x48 ./Drivers/STM32F1xx_HAL_Driver/Src/stm32f1xx_hal.o
                0x08003d4c                HAL_Delay
 .text.HAL_SuspendTick
                0x08003d94       0x1c ./Drivers/STM32F1xx_HAL_Driver/Src/stm32f1xx_hal.o
                0x08003d94                HAL_SuspendTick
 .text.HAL_ResumeTick
                0x08003db0       0x1c ./Drivers/STM32F1xx_HAL_Driver/Src/stm32f1xx_hal.o
                0x08003db0                HAL_ResumeTick
 .text.HAL_ADC_Init
                0x08003dcc      0x1d4 ./Drivers/STM32F1xx_HAL_Driver/Src/stm32f1xx_hal_adc.o
                0x08003dcc                HAL_ADC_Init
 .text.HAL_ADC_Start
                0x08003fa0      0x15c ./Drivers/STM32F1xx_HAL_Driver/Src/stm32f1xx_hal_adc.o
                0x08003fa0                HAL_ADC_Start
 .text.HAL_ADC_PollForConversion
                0x080040fc      0x20c ./Drivers/STM32F1xx_HAL_Driver/Src/stm32f1xx_hal_adc.o
                0x080040fc                HAL_ADC_PollForConversion
 .text.HAL_ADC_GetValue
                0x08004308       0x18 ./Drivers/STM32F1xx_HAL_Driver/Src/stm32f1xx_hal_adc.o
                0x08004308                HAL_ADC_GetValue
 .text.HAL_ADC_ConfigChannel
                0x08004320      0x1f0 ./Drivers/STM32F1xx_HAL_Driver/Src/stm32f1xx_hal_adc.o
                0x08004320                HAL_ADC_ConfigChannel
 .text.ADC_Enable
                0x08004510       0xb4 ./Drivers/STM32F1xx_HAL_Driver/Src/stm32f1xx_hal_adc.o
                0x08004510                ADC_Enable
 .text.ADC_ConversionStop_Disable
                0x080045c4       0x82 ./Drivers/STM32F1xx_HAL_Driver/Src/stm32f1xx_hal_adc.o
                0x080045c4                ADC_ConversionStop_Disable
 *fill*         0x08004646        0x2 
 .text.__NVIC_SetPriorityGrouping
                0x08004648       0x48 ./Drivers/STM32F1xx_HAL_Driver/Src/stm32f1xx_hal_cortex.o
 .text.__NVIC_GetPriorityGrouping
                0x08004690       0x1c ./Drivers/STM32F1xx_HAL_Driver/Src/stm32f1xx_hal_cortex.o
 .text.__NVIC_EnableIRQ
                0x080046ac       0x38 ./Drivers/STM32F1xx_HAL_Driver/Src/stm32f1xx_hal_cortex.o
 .text.__NVIC_SetPriority
                0x080046e4       0x54 ./Drivers/STM32F1xx_HAL_Driver/Src/stm32f1xx_hal_cortex.o
 .text.NVIC_EncodePriority
                0x08004738       0x64 ./Drivers/STM32F1xx_HAL_Driver/Src/stm32f1xx_hal_cortex.o
 .text.SysTick_Config
                0x0800479c       0x44 ./Drivers/STM32F1xx_HAL_Driver/Src/stm32f1xx_hal_cortex.o
 .text.HAL_NVIC_SetPriorityGrouping
                0x080047e0       0x16 ./Drivers/STM32F1xx_HAL_Driver/Src/stm32f1xx_hal_cortex.o
                0x080047e0                HAL_NVIC_SetPriorityGrouping
 .text.HAL_NVIC_SetPriority
                0x080047f6       0x38 ./Drivers/STM32F1xx_HAL_Driver/Src/stm32f1xx_hal_cortex.o
                0x080047f6                HAL_NVIC_SetPriority
 .text.HAL_NVIC_EnableIRQ
                0x0800482e       0x1c ./Drivers/STM32F1xx_HAL_Driver/Src/stm32f1xx_hal_cortex.o
                0x0800482e                HAL_NVIC_EnableIRQ
 .text.HAL_SYSTICK_Config
                0x0800484a       0x18 ./Drivers/STM32F1xx_HAL_Driver/Src/stm32f1xx_hal_cortex.o
                0x0800484a                HAL_SYSTICK_Config
 .text.HAL_DMA_Abort
                0x08004862       0x76 ./Drivers/STM32F1xx_HAL_Driver/Src/stm32f1xx_hal_dma.o
                0x08004862                HAL_DMA_Abort
 .text.HAL_DMA_Abort_IT
                0x080048d8      0x210 ./Drivers/STM32F1xx_HAL_Driver/Src/stm32f1xx_hal_dma.o
                0x080048d8                HAL_DMA_Abort_IT
 .text.HAL_FLASH_Program
                0x08004ae8       0xe0 ./Drivers/STM32F1xx_HAL_Driver/Src/stm32f1xx_hal_flash.o
                0x08004ae8                HAL_FLASH_Program
 .text.HAL_FLASH_Unlock
                0x08004bc8       0x4c ./Drivers/STM32F1xx_HAL_Driver/Src/stm32f1xx_hal_flash.o
                0x08004bc8                HAL_FLASH_Unlock
 .text.HAL_FLASH_Lock
                0x08004c14       0x20 ./Drivers/STM32F1xx_HAL_Driver/Src/stm32f1xx_hal_flash.o
                0x08004c14                HAL_FLASH_Lock
 .text.FLASH_Program_HalfWord
                0x08004c34       0x38 ./Drivers/STM32F1xx_HAL_Driver/Src/stm32f1xx_hal_flash.o
 .text.FLASH_WaitForLastOperation
                0x08004c6c       0x8c ./Drivers/STM32F1xx_HAL_Driver/Src/stm32f1xx_hal_flash.o
                0x08004c6c                FLASH_WaitForLastOperation
 .text.FLASH_SetErrorCode
                0x08004cf8       0xa0 ./Drivers/STM32F1xx_HAL_Driver/Src/stm32f1xx_hal_flash.o
 .text.HAL_FLASHEx_Erase
                0x08004d98       0xd8 ./Drivers/STM32F1xx_HAL_Driver/Src/stm32f1xx_hal_flash_ex.o
                0x08004d98                HAL_FLASHEx_Erase
 .text.FLASH_MassErase
                0x08004e70       0x38 ./Drivers/STM32F1xx_HAL_Driver/Src/stm32f1xx_hal_flash_ex.o
 .text.FLASH_PageErase
                0x08004ea8       0x40 ./Drivers/STM32F1xx_HAL_Driver/Src/stm32f1xx_hal_flash_ex.o
                0x08004ea8                FLASH_PageErase
 .text.HAL_GPIO_Init
                0x08004ee8      0x328 ./Drivers/STM32F1xx_HAL_Driver/Src/stm32f1xx_hal_gpio.o
                0x08004ee8                HAL_GPIO_Init
 .text.HAL_GPIO_ReadPin
                0x08005210       0x2e ./Drivers/STM32F1xx_HAL_Driver/Src/stm32f1xx_hal_gpio.o
                0x08005210                HAL_GPIO_ReadPin
 .text.HAL_GPIO_WritePin
                0x0800523e       0x30 ./Drivers/STM32F1xx_HAL_Driver/Src/stm32f1xx_hal_gpio.o
                0x0800523e                HAL_GPIO_WritePin
 *fill*         0x0800526e        0x2 
 .text.HAL_PWR_EnterSLEEPMode
                0x08005270       0x38 ./Drivers/STM32F1xx_HAL_Driver/Src/stm32f1xx_hal_pwr.o
                0x08005270                HAL_PWR_EnterSLEEPMode
 .text.HAL_RCC_OscConfig
                0x080052a8      0x504 ./Drivers/STM32F1xx_HAL_Driver/Src/stm32f1xx_hal_rcc.o
                0x080052a8                HAL_RCC_OscConfig
 .text.HAL_RCC_ClockConfig
                0x080057ac      0x1d4 ./Drivers/STM32F1xx_HAL_Driver/Src/stm32f1xx_hal_rcc.o
                0x080057ac                HAL_RCC_ClockConfig
 .text.HAL_RCC_GetSysClockFreq
                0x08005980       0xa8 ./Drivers/STM32F1xx_HAL_Driver/Src/stm32f1xx_hal_rcc.o
                0x08005980                HAL_RCC_GetSysClockFreq
 .text.HAL_RCC_GetHCLKFreq
                0x08005a28       0x14 ./Drivers/STM32F1xx_HAL_Driver/Src/stm32f1xx_hal_rcc.o
                0x08005a28                HAL_RCC_GetHCLKFreq
 .text.HAL_RCC_GetPCLK1Freq
                0x08005a3c       0x28 ./Drivers/STM32F1xx_HAL_Driver/Src/stm32f1xx_hal_rcc.o
                0x08005a3c                HAL_RCC_GetPCLK1Freq
 .text.HAL_RCC_GetPCLK2Freq
                0x08005a64       0x28 ./Drivers/STM32F1xx_HAL_Driver/Src/stm32f1xx_hal_rcc.o
                0x08005a64                HAL_RCC_GetPCLK2Freq
 .text.RCC_Delay
                0x08005a8c       0x3c ./Drivers/STM32F1xx_HAL_Driver/Src/stm32f1xx_hal_rcc.o
 .text.HAL_RCCEx_PeriphCLKConfig
                0x08005ac8      0x16c ./Drivers/STM32F1xx_HAL_Driver/Src/stm32f1xx_hal_rcc_ex.o
                0x08005ac8                HAL_RCCEx_PeriphCLKConfig
 .text.HAL_RCCEx_GetPeriphCLKFreq
                0x08005c34      0x1b0 ./Drivers/STM32F1xx_HAL_Driver/Src/stm32f1xx_hal_rcc_ex.o
                0x08005c34                HAL_RCCEx_GetPeriphCLKFreq
 .text.HAL_TIM_Base_Init
                0x08005de4       0x9e ./Drivers/STM32F1xx_HAL_Driver/Src/stm32f1xx_hal_tim.o
                0x08005de4                HAL_TIM_Base_Init
 *fill*         0x08005e82        0x2 
 .text.HAL_TIM_Base_Start_IT
                0x08005e84       0xc0 ./Drivers/STM32F1xx_HAL_Driver/Src/stm32f1xx_hal_tim.o
                0x08005e84                HAL_TIM_Base_Start_IT
 .text.HAL_TIM_IRQHandler
                0x08005f44      0x1e0 ./Drivers/STM32F1xx_HAL_Driver/Src/stm32f1xx_hal_tim.o
                0x08005f44                HAL_TIM_IRQHandler
 .text.HAL_TIM_OC_DelayElapsedCallback
                0x08006124       0x12 ./Drivers/STM32F1xx_HAL_Driver/Src/stm32f1xx_hal_tim.o
                0x08006124                HAL_TIM_OC_DelayElapsedCallback
 .text.HAL_TIM_IC_CaptureCallback
                0x08006136       0x12 ./Drivers/STM32F1xx_HAL_Driver/Src/stm32f1xx_hal_tim.o
                0x08006136                HAL_TIM_IC_CaptureCallback
 .text.HAL_TIM_PWM_PulseFinishedCallback
                0x08006148       0x12 ./Drivers/STM32F1xx_HAL_Driver/Src/stm32f1xx_hal_tim.o
                0x08006148                HAL_TIM_PWM_PulseFinishedCallback
 .text.HAL_TIM_TriggerCallback
                0x0800615a       0x12 ./Drivers/STM32F1xx_HAL_Driver/Src/stm32f1xx_hal_tim.o
                0x0800615a                HAL_TIM_TriggerCallback
 .text.TIM_Base_SetConfig
                0x0800616c      0x10c ./Drivers/STM32F1xx_HAL_Driver/Src/stm32f1xx_hal_tim.o
                0x0800616c                TIM_Base_SetConfig
 .text.HAL_TIMEx_MasterConfigSynchronization
                0x08006278       0xd8 ./Drivers/STM32F1xx_HAL_Driver/Src/stm32f1xx_hal_tim_ex.o
                0x08006278                HAL_TIMEx_MasterConfigSynchronization
 .text.HAL_TIMEx_CommutCallback
                0x08006350       0x12 ./Drivers/STM32F1xx_HAL_Driver/Src/stm32f1xx_hal_tim_ex.o
                0x08006350                HAL_TIMEx_CommutCallback
 .text.HAL_TIMEx_BreakCallback
                0x08006362       0x12 ./Drivers/STM32F1xx_HAL_Driver/Src/stm32f1xx_hal_tim_ex.o
                0x08006362                HAL_TIMEx_BreakCallback
 .text.HAL_UART_Init
                0x08006374       0xa0 ./Drivers/STM32F1xx_HAL_Driver/Src/stm32f1xx_hal_uart.o
                0x08006374                HAL_UART_Init
 .text.HAL_UART_Transmit
                0x08006414      0x116 ./Drivers/STM32F1xx_HAL_Driver/Src/stm32f1xx_hal_uart.o
                0x08006414                HAL_UART_Transmit
 .text.HAL_UARTEx_ReceiveToIdle_IT
                0x0800652a       0xba ./Drivers/STM32F1xx_HAL_Driver/Src/stm32f1xx_hal_uart.o
                0x0800652a                HAL_UARTEx_ReceiveToIdle_IT
 .text.HAL_UART_IRQHandler
                0x080065e4      0x524 ./Drivers/STM32F1xx_HAL_Driver/Src/stm32f1xx_hal_uart.o
                0x080065e4                HAL_UART_IRQHandler
 .text.HAL_UART_TxCpltCallback
                0x08006b08       0x12 ./Drivers/STM32F1xx_HAL_Driver/Src/stm32f1xx_hal_uart.o
                0x08006b08                HAL_UART_TxCpltCallback
 .text.HAL_UART_RxCpltCallback
                0x08006b1a       0x12 ./Drivers/STM32F1xx_HAL_Driver/Src/stm32f1xx_hal_uart.o
                0x08006b1a                HAL_UART_RxCpltCallback
 .text.HAL_UART_ErrorCallback
                0x08006b2c       0x12 ./Drivers/STM32F1xx_HAL_Driver/Src/stm32f1xx_hal_uart.o
                0x08006b2c                HAL_UART_ErrorCallback
 .text.UART_WaitOnFlagUntilTimeout
                0x08006b3e       0xb2 ./Drivers/STM32F1xx_HAL_Driver/Src/stm32f1xx_hal_uart.o
 .text.UART_Start_Receive_IT
                0x08006bf0       0x72 ./Drivers/STM32F1xx_HAL_Driver/Src/stm32f1xx_hal_uart.o
                0x08006bf0                UART_Start_Receive_IT
 .text.UART_EndRxTransfer
                0x08006c62       0xc4 ./Drivers/STM32F1xx_HAL_Driver/Src/stm32f1xx_hal_uart.o
 .text.UART_DMAAbortOnError
                0x08006d26       0x28 ./Drivers/STM32F1xx_HAL_Driver/Src/stm32f1xx_hal_uart.o
 .text.UART_Transmit_IT
                0x08006d4e       0x9e ./Drivers/STM32F1xx_HAL_Driver/Src/stm32f1xx_hal_uart.o
 .text.UART_EndTransmit_IT
                0x08006dec       0x30 ./Drivers/STM32F1xx_HAL_Driver/Src/stm32f1xx_hal_uart.o
 .text.UART_Receive_IT
                0x08006e1c      0x17c ./Drivers/STM32F1xx_HAL_Driver/Src/stm32f1xx_hal_uart.o
 .text.UART_SetConfig
                0x08006f98      0x11c ./Drivers/STM32F1xx_HAL_Driver/Src/stm32f1xx_hal_uart.o
 .text.malloc   0x080070b4       0x10 /home/thuanphat7/st/stm32cubeide_1.15.1/plugins/com.st.stm32cube.ide.mcu.externaltools.gnu-tools-for-stm32.12.3.rel1.linux64_1.0.100.202403111256/tools/bin/../lib/gcc/arm-none-eabi/12.3.1/../../../../arm-none-eabi/lib/thumb/v7-m/nofp/libc_nano.a(libc_a-malloc.o)
                0x080070b4                malloc
 .text.free     0x080070c4       0x10 /home/thuanphat7/st/stm32cubeide_1.15.1/plugins/com.st.stm32cube.ide.mcu.externaltools.gnu-tools-for-stm32.12.3.rel1.linux64_1.0.100.202403111256/tools/bin/../lib/gcc/arm-none-eabi/12.3.1/../../../../arm-none-eabi/lib/thumb/v7-m/nofp/libc_nano.a(libc_a-malloc.o)
                0x080070c4                free
 .text.sbrk_aligned
                0x080070d4       0x44 /home/thuanphat7/st/stm32cubeide_1.15.1/plugins/com.st.stm32cube.ide.mcu.externaltools.gnu-tools-for-stm32.12.3.rel1.linux64_1.0.100.202403111256/tools/bin/../lib/gcc/arm-none-eabi/12.3.1/../../../../arm-none-eabi/lib/thumb/v7-m/nofp/libc_nano.a(libc_a-mallocr.o)
 .text._malloc_r
                0x08007118      0x100 /home/thuanphat7/st/stm32cubeide_1.15.1/plugins/com.st.stm32cube.ide.mcu.externaltools.gnu-tools-for-stm32.12.3.rel1.linux64_1.0.100.202403111256/tools/bin/../lib/gcc/arm-none-eabi/12.3.1/../../../../arm-none-eabi/lib/thumb/v7-m/nofp/libc_nano.a(libc_a-mallocr.o)
                0x08007118                _malloc_r
 .text.__malloc_lock
                0x08007218        0xc /home/thuanphat7/st/stm32cubeide_1.15.1/plugins/com.st.stm32cube.ide.mcu.externaltools.gnu-tools-for-stm32.12.3.rel1.linux64_1.0.100.202403111256/tools/bin/../lib/gcc/arm-none-eabi/12.3.1/../../../../arm-none-eabi/lib/thumb/v7-m/nofp/libc_nano.a(libc_a-mlock.o)
                0x08007218                __malloc_lock
 .text.__malloc_unlock
                0x08007224        0xc /home/thuanphat7/st/stm32cubeide_1.15.1/plugins/com.st.stm32cube.ide.mcu.externaltools.gnu-tools-for-stm32.12.3.rel1.linux64_1.0.100.202403111256/tools/bin/../lib/gcc/arm-none-eabi/12.3.1/../../../../arm-none-eabi/lib/thumb/v7-m/nofp/libc_nano.a(libc_a-mlock.o)
                0x08007224                __malloc_unlock
 .text.realloc  0x08007230       0x10 /home/thuanphat7/st/stm32cubeide_1.15.1/plugins/com.st.stm32cube.ide.mcu.externaltools.gnu-tools-for-stm32.12.3.rel1.linux64_1.0.100.202403111256/tools/bin/../lib/gcc/arm-none-eabi/12.3.1/../../../../arm-none-eabi/lib/thumb/v7-m/nofp/libc_nano.a(libc_a-realloc.o)
                0x08007230                realloc
 .text._realloc_r
                0x08007240       0x5c /home/thuanphat7/st/stm32cubeide_1.15.1/plugins/com.st.stm32cube.ide.mcu.externaltools.gnu-tools-for-stm32.12.3.rel1.linux64_1.0.100.202403111256/tools/bin/../lib/gcc/arm-none-eabi/12.3.1/../../../../arm-none-eabi/lib/thumb/v7-m/nofp/libc_nano.a(libc_a-reallocr.o)
                0x08007240                _realloc_r
 .text.std      0x0800729c       0x6c /home/thuanphat7/st/stm32cubeide_1.15.1/plugins/com.st.stm32cube.ide.mcu.externaltools.gnu-tools-for-stm32.12.3.rel1.linux64_1.0.100.202403111256/tools/bin/../lib/gcc/arm-none-eabi/12.3.1/../../../../arm-none-eabi/lib/thumb/v7-m/nofp/libc_nano.a(libc_a-findfp.o)
 .text.stdio_exit_handler
                0x08007308       0x18 /home/thuanphat7/st/stm32cubeide_1.15.1/plugins/com.st.stm32cube.ide.mcu.externaltools.gnu-tools-for-stm32.12.3.rel1.linux64_1.0.100.202403111256/tools/bin/../lib/gcc/arm-none-eabi/12.3.1/../../../../arm-none-eabi/lib/thumb/v7-m/nofp/libc_nano.a(libc_a-findfp.o)
 .text.cleanup_stdio
                0x08007320       0x40 /home/thuanphat7/st/stm32cubeide_1.15.1/plugins/com.st.stm32cube.ide.mcu.externaltools.gnu-tools-for-stm32.12.3.rel1.linux64_1.0.100.202403111256/tools/bin/../lib/gcc/arm-none-eabi/12.3.1/../../../../arm-none-eabi/lib/thumb/v7-m/nofp/libc_nano.a(libc_a-findfp.o)
 .text.global_stdio_init.part.0
                0x08007360       0x3c /home/thuanphat7/st/stm32cubeide_1.15.1/plugins/com.st.stm32cube.ide.mcu.externaltools.gnu-tools-for-stm32.12.3.rel1.linux64_1.0.100.202403111256/tools/bin/../lib/gcc/arm-none-eabi/12.3.1/../../../../arm-none-eabi/lib/thumb/v7-m/nofp/libc_nano.a(libc_a-findfp.o)
 .text.__sfp_lock_acquire
                0x0800739c        0xc /home/thuanphat7/st/stm32cubeide_1.15.1/plugins/com.st.stm32cube.ide.mcu.externaltools.gnu-tools-for-stm32.12.3.rel1.linux64_1.0.100.202403111256/tools/bin/../lib/gcc/arm-none-eabi/12.3.1/../../../../arm-none-eabi/lib/thumb/v7-m/nofp/libc_nano.a(libc_a-findfp.o)
                0x0800739c                __sfp_lock_acquire
 .text.__sfp_lock_release
                0x080073a8        0xc /home/thuanphat7/st/stm32cubeide_1.15.1/plugins/com.st.stm32cube.ide.mcu.externaltools.gnu-tools-for-stm32.12.3.rel1.linux64_1.0.100.202403111256/tools/bin/../lib/gcc/arm-none-eabi/12.3.1/../../../../arm-none-eabi/lib/thumb/v7-m/nofp/libc_nano.a(libc_a-findfp.o)
                0x080073a8                __sfp_lock_release
 .text.__sinit  0x080073b4       0x30 /home/thuanphat7/st/stm32cubeide_1.15.1/plugins/com.st.stm32cube.ide.mcu.externaltools.gnu-tools-for-stm32.12.3.rel1.linux64_1.0.100.202403111256/tools/bin/../lib/gcc/arm-none-eabi/12.3.1/../../../../arm-none-eabi/lib/thumb/v7-m/nofp/libc_nano.a(libc_a-findfp.o)
                0x080073b4                __sinit
 .text._fwalk_sglue
                0x080073e4       0x3c /home/thuanphat7/st/stm32cubeide_1.15.1/plugins/com.st.stm32cube.ide.mcu.externaltools.gnu-tools-for-stm32.12.3.rel1.linux64_1.0.100.202403111256/tools/bin/../lib/gcc/arm-none-eabi/12.3.1/../../../../arm-none-eabi/lib/thumb/v7-m/nofp/libc_nano.a(libc_a-fwalk.o)
                0x080073e4                _fwalk_sglue
 .text.printf   0x08007420       0x24 /home/thuanphat7/st/stm32cubeide_1.15.1/plugins/com.st.stm32cube.ide.mcu.externaltools.gnu-tools-for-stm32.12.3.rel1.linux64_1.0.100.202403111256/tools/bin/../lib/gcc/arm-none-eabi/12.3.1/../../../../arm-none-eabi/lib/thumb/v7-m/nofp/libc_nano.a(libc_a-printf.o)
                0x08007420                printf
                0x08007420                iprintf
 .text._puts_r  0x08007444       0xaa /home/thuanphat7/st/stm32cubeide_1.15.1/plugins/com.st.stm32cube.ide.mcu.externaltools.gnu-tools-for-stm32.12.3.rel1.linux64_1.0.100.202403111256/tools/bin/../lib/gcc/arm-none-eabi/12.3.1/../../../../arm-none-eabi/lib/thumb/v7-m/nofp/libc_nano.a(libc_a-puts.o)
                0x08007444                _puts_r
 *fill*         0x080074ee        0x2 
 .text.puts     0x080074f0       0x10 /home/thuanphat7/st/stm32cubeide_1.15.1/plugins/com.st.stm32cube.ide.mcu.externaltools.gnu-tools-for-stm32.12.3.rel1.linux64_1.0.100.202403111256/tools/bin/../lib/gcc/arm-none-eabi/12.3.1/../../../../arm-none-eabi/lib/thumb/v7-m/nofp/libc_nano.a(libc_a-puts.o)
                0x080074f0                puts
 .text.sprintf  0x08007500       0x40 /home/thuanphat7/st/stm32cubeide_1.15.1/plugins/com.st.stm32cube.ide.mcu.externaltools.gnu-tools-for-stm32.12.3.rel1.linux64_1.0.100.202403111256/tools/bin/../lib/gcc/arm-none-eabi/12.3.1/../../../../arm-none-eabi/lib/thumb/v7-m/nofp/libc_nano.a(libc_a-sprintf.o)
                0x08007500                sprintf
                0x08007500                siprintf
 .text.sscanf   0x08007540       0x54 /home/thuanphat7/st/stm32cubeide_1.15.1/plugins/com.st.stm32cube.ide.mcu.externaltools.gnu-tools-for-stm32.12.3.rel1.linux64_1.0.100.202403111256/tools/bin/../lib/gcc/arm-none-eabi/12.3.1/../../../../arm-none-eabi/lib/thumb/v7-m/nofp/libc_nano.a(libc_a-sscanf.o)
                0x08007540                sscanf
                0x08007540                siscanf
 .text.__sread  0x08007594       0x22 /home/thuanphat7/st/stm32cubeide_1.15.1/plugins/com.st.stm32cube.ide.mcu.externaltools.gnu-tools-for-stm32.12.3.rel1.linux64_1.0.100.202403111256/tools/bin/../lib/gcc/arm-none-eabi/12.3.1/../../../../arm-none-eabi/lib/thumb/v7-m/nofp/libc_nano.a(libc_a-stdio.o)
                0x08007594                __sread
 .text.__seofread
                0x080075b6        0x4 /home/thuanphat7/st/stm32cubeide_1.15.1/plugins/com.st.stm32cube.ide.mcu.externaltools.gnu-tools-for-stm32.12.3.rel1.linux64_1.0.100.202403111256/tools/bin/../lib/gcc/arm-none-eabi/12.3.1/../../../../arm-none-eabi/lib/thumb/v7-m/nofp/libc_nano.a(libc_a-stdio.o)
                0x080075b6                __seofread
 .text.__swrite
                0x080075ba       0x38 /home/thuanphat7/st/stm32cubeide_1.15.1/plugins/com.st.stm32cube.ide.mcu.externaltools.gnu-tools-for-stm32.12.3.rel1.linux64_1.0.100.202403111256/tools/bin/../lib/gcc/arm-none-eabi/12.3.1/../../../../arm-none-eabi/lib/thumb/v7-m/nofp/libc_nano.a(libc_a-stdio.o)
                0x080075ba                __swrite
 .text.__sseek  0x080075f2       0x24 /home/thuanphat7/st/stm32cubeide_1.15.1/plugins/com.st.stm32cube.ide.mcu.externaltools.gnu-tools-for-stm32.12.3.rel1.linux64_1.0.100.202403111256/tools/bin/../lib/gcc/arm-none-eabi/12.3.1/../../../../arm-none-eabi/lib/thumb/v7-m/nofp/libc_nano.a(libc_a-stdio.o)
                0x080075f2                __sseek
 .text.__sclose
                0x08007616        0x8 /home/thuanphat7/st/stm32cubeide_1.15.1/plugins/com.st.stm32cube.ide.mcu.externaltools.gnu-tools-for-stm32.12.3.rel1.linux64_1.0.100.202403111256/tools/bin/../lib/gcc/arm-none-eabi/12.3.1/../../../../arm-none-eabi/lib/thumb/v7-m/nofp/libc_nano.a(libc_a-stdio.o)
                0x08007616                __sclose
 .text.__swbuf_r
                0x0800761e       0x7c /home/thuanphat7/st/stm32cubeide_1.15.1/plugins/com.st.stm32cube.ide.mcu.externaltools.gnu-tools-for-stm32.12.3.rel1.linux64_1.0.100.202403111256/tools/bin/../lib/gcc/arm-none-eabi/12.3.1/../../../../arm-none-eabi/lib/thumb/v7-m/nofp/libc_nano.a(libc_a-wbuf.o)
                0x0800761e                __swbuf_r
 *fill*         0x0800769a        0x2 
 .text.__swsetup_r
                0x0800769c       0xac /home/thuanphat7/st/stm32cubeide_1.15.1/plugins/com.st.stm32cube.ide.mcu.externaltools.gnu-tools-for-stm32.12.3.rel1.linux64_1.0.100.202403111256/tools/bin/../lib/gcc/arm-none-eabi/12.3.1/../../../../arm-none-eabi/lib/thumb/v7-m/nofp/libc_nano.a(libc_a-wsetup.o)
                0x0800769c                __swsetup_r
 .text.memset   0x08007748       0x10 /home/thuanphat7/st/stm32cubeide_1.15.1/plugins/com.st.stm32cube.ide.mcu.externaltools.gnu-tools-for-stm32.12.3.rel1.linux64_1.0.100.202403111256/tools/bin/../lib/gcc/arm-none-eabi/12.3.1/../../../../arm-none-eabi/lib/thumb/v7-m/nofp/libc_nano.a(libc_a-memset.o)
                0x08007748                memset
 .text.strstr   0x08007758       0x2c /home/thuanphat7/st/stm32cubeide_1.15.1/plugins/com.st.stm32cube.ide.mcu.externaltools.gnu-tools-for-stm32.12.3.rel1.linux64_1.0.100.202403111256/tools/bin/../lib/gcc/arm-none-eabi/12.3.1/../../../../arm-none-eabi/lib/thumb/v7-m/nofp/libc_nano.a(libc_a-strstr.o)
                0x08007758                strstr
 .text._close_r
                0x08007784       0x20 /home/thuanphat7/st/stm32cubeide_1.15.1/plugins/com.st.stm32cube.ide.mcu.externaltools.gnu-tools-for-stm32.12.3.rel1.linux64_1.0.100.202403111256/tools/bin/../lib/gcc/arm-none-eabi/12.3.1/../../../../arm-none-eabi/lib/thumb/v7-m/nofp/libc_nano.a(libc_a-closer.o)
                0x08007784                _close_r
 .text._lseek_r
                0x080077a4       0x24 /home/thuanphat7/st/stm32cubeide_1.15.1/plugins/com.st.stm32cube.ide.mcu.externaltools.gnu-tools-for-stm32.12.3.rel1.linux64_1.0.100.202403111256/tools/bin/../lib/gcc/arm-none-eabi/12.3.1/../../../../arm-none-eabi/lib/thumb/v7-m/nofp/libc_nano.a(libc_a-lseekr.o)
                0x080077a4                _lseek_r
 .text._read_r  0x080077c8       0x24 /home/thuanphat7/st/stm32cubeide_1.15.1/plugins/com.st.stm32cube.ide.mcu.externaltools.gnu-tools-for-stm32.12.3.rel1.linux64_1.0.100.202403111256/tools/bin/../lib/gcc/arm-none-eabi/12.3.1/../../../../arm-none-eabi/lib/thumb/v7-m/nofp/libc_nano.a(libc_a-readr.o)
                0x080077c8                _read_r
 .text._sbrk_r  0x080077ec       0x20 /home/thuanphat7/st/stm32cubeide_1.15.1/plugins/com.st.stm32cube.ide.mcu.externaltools.gnu-tools-for-stm32.12.3.rel1.linux64_1.0.100.202403111256/tools/bin/../lib/gcc/arm-none-eabi/12.3.1/../../../../arm-none-eabi/lib/thumb/v7-m/nofp/libc_nano.a(libc_a-sbrkr.o)
                0x080077ec                _sbrk_r
 .text._write_r
                0x0800780c       0x24 /home/thuanphat7/st/stm32cubeide_1.15.1/plugins/com.st.stm32cube.ide.mcu.externaltools.gnu-tools-for-stm32.12.3.rel1.linux64_1.0.100.202403111256/tools/bin/../lib/gcc/arm-none-eabi/12.3.1/../../../../arm-none-eabi/lib/thumb/v7-m/nofp/libc_nano.a(libc_a-writer.o)
                0x0800780c                _write_r
 .text.__errno  0x08007830        0xc /home/thuanphat7/st/stm32cubeide_1.15.1/plugins/com.st.stm32cube.ide.mcu.externaltools.gnu-tools-for-stm32.12.3.rel1.linux64_1.0.100.202403111256/tools/bin/../lib/gcc/arm-none-eabi/12.3.1/../../../../arm-none-eabi/lib/thumb/v7-m/nofp/libc_nano.a(libc_a-errno.o)
                0x08007830                __errno
 .text.__libc_init_array
                0x0800783c       0x48 /home/thuanphat7/st/stm32cubeide_1.15.1/plugins/com.st.stm32cube.ide.mcu.externaltools.gnu-tools-for-stm32.12.3.rel1.linux64_1.0.100.202403111256/tools/bin/../lib/gcc/arm-none-eabi/12.3.1/../../../../arm-none-eabi/lib/thumb/v7-m/nofp/libc_nano.a(libc_a-init.o)
                0x0800783c                __libc_init_array
 .text.__retarget_lock_init_recursive
                0x08007884        0x2 /home/thuanphat7/st/stm32cubeide_1.15.1/plugins/com.st.stm32cube.ide.mcu.externaltools.gnu-tools-for-stm32.12.3.rel1.linux64_1.0.100.202403111256/tools/bin/../lib/gcc/arm-none-eabi/12.3.1/../../../../arm-none-eabi/lib/thumb/v7-m/nofp/libc_nano.a(libc_a-lock.o)
                0x08007884                __retarget_lock_init_recursive
 .text.__retarget_lock_acquire_recursive
                0x08007886        0x2 /home/thuanphat7/st/stm32cubeide_1.15.1/plugins/com.st.stm32cube.ide.mcu.externaltools.gnu-tools-for-stm32.12.3.rel1.linux64_1.0.100.202403111256/tools/bin/../lib/gcc/arm-none-eabi/12.3.1/../../../../arm-none-eabi/lib/thumb/v7-m/nofp/libc_nano.a(libc_a-lock.o)
                0x08007886                __retarget_lock_acquire_recursive
 .text.__retarget_lock_release_recursive
                0x08007888        0x2 /home/thuanphat7/st/stm32cubeide_1.15.1/plugins/com.st.stm32cube.ide.mcu.externaltools.gnu-tools-for-stm32.12.3.rel1.linux64_1.0.100.202403111256/tools/bin/../lib/gcc/arm-none-eabi/12.3.1/../../../../arm-none-eabi/lib/thumb/v7-m/nofp/libc_nano.a(libc_a-lock.o)
                0x08007888                __retarget_lock_release_recursive
 .text.memcpy   0x0800788a       0x1c /home/thuanphat7/st/stm32cubeide_1.15.1/plugins/com.st.stm32cube.ide.mcu.externaltools.gnu-tools-for-stm32.12.3.rel1.linux64_1.0.100.202403111256/tools/bin/../lib/gcc/arm-none-eabi/12.3.1/../../../../arm-none-eabi/lib/thumb/v7-m/nofp/libc_nano.a(libc_a-memcpy-stub.o)
                0x0800788a                memcpy
 *fill*         0x080078a6        0x2 
 .text._free_r  0x080078a8       0x90 /home/thuanphat7/st/stm32cubeide_1.15.1/plugins/com.st.stm32cube.ide.mcu.externaltools.gnu-tools-for-stm32.12.3.rel1.linux64_1.0.100.202403111256/tools/bin/../lib/gcc/arm-none-eabi/12.3.1/../../../../arm-none-eabi/lib/thumb/v7-m/nofp/libc_nano.a(libc_a-freer.o)
                0x080078a8                _free_r
 .text._malloc_usable_size_r
                0x08007938       0x10 /home/thuanphat7/st/stm32cubeide_1.15.1/plugins/com.st.stm32cube.ide.mcu.externaltools.gnu-tools-for-stm32.12.3.rel1.linux64_1.0.100.202403111256/tools/bin/../lib/gcc/arm-none-eabi/12.3.1/../../../../arm-none-eabi/lib/thumb/v7-m/nofp/libc_nano.a(libc_a-msizer.o)
                0x08007938                _malloc_usable_size_r
 .text.__ssputs_r
                0x08007948       0xb6 /home/thuanphat7/st/stm32cubeide_1.15.1/plugins/com.st.stm32cube.ide.mcu.externaltools.gnu-tools-for-stm32.12.3.rel1.linux64_1.0.100.202403111256/tools/bin/../lib/gcc/arm-none-eabi/12.3.1/../../../../arm-none-eabi/lib/thumb/v7-m/nofp/libc_nano.a(libc_a-nano-svfprintf.o)
                0x08007948                __ssputs_r
 *fill*         0x080079fe        0x2 
 .text._svfprintf_r
                0x08007a00      0x1f8 /home/thuanphat7/st/stm32cubeide_1.15.1/plugins/com.st.stm32cube.ide.mcu.externaltools.gnu-tools-for-stm32.12.3.rel1.linux64_1.0.100.202403111256/tools/bin/../lib/gcc/arm-none-eabi/12.3.1/../../../../arm-none-eabi/lib/thumb/v7-m/nofp/libc_nano.a(libc_a-nano-svfprintf.o)
                0x08007a00                _svfprintf_r
                0x08007a00                _svfiprintf_r
 .text._sungetc_r
                0x08007bf8       0x76 /home/thuanphat7/st/stm32cubeide_1.15.1/plugins/com.st.stm32cube.ide.mcu.externaltools.gnu-tools-for-stm32.12.3.rel1.linux64_1.0.100.202403111256/tools/bin/../lib/gcc/arm-none-eabi/12.3.1/../../../../arm-none-eabi/lib/thumb/v7-m/nofp/libc_nano.a(libc_a-nano-svfscanf.o)
                0x08007bf8                _sungetc_r
 .text.__ssrefill_r
                0x08007c6e       0x3a /home/thuanphat7/st/stm32cubeide_1.15.1/plugins/com.st.stm32cube.ide.mcu.externaltools.gnu-tools-for-stm32.12.3.rel1.linux64_1.0.100.202403111256/tools/bin/../lib/gcc/arm-none-eabi/12.3.1/../../../../arm-none-eabi/lib/thumb/v7-m/nofp/libc_nano.a(libc_a-nano-svfscanf.o)
                0x08007c6e                __ssrefill_r
 .text.__ssvfscanf_r
                0x08007ca8      0x2e4 /home/thuanphat7/st/stm32cubeide_1.15.1/plugins/com.st.stm32cube.ide.mcu.externaltools.gnu-tools-for-stm32.12.3.rel1.linux64_1.0.100.202403111256/tools/bin/../lib/gcc/arm-none-eabi/12.3.1/../../../../arm-none-eabi/lib/thumb/v7-m/nofp/libc_nano.a(libc_a-nano-svfscanf.o)
                0x08007ca8                __ssvfscanf_r
                0x08007ca8                __ssvfiscanf_r
 .text.__sfputc_r
                0x08007f8c       0x2a /home/thuanphat7/st/stm32cubeide_1.15.1/plugins/com.st.stm32cube.ide.mcu.externaltools.gnu-tools-for-stm32.12.3.rel1.linux64_1.0.100.202403111256/tools/bin/../lib/gcc/arm-none-eabi/12.3.1/../../../../arm-none-eabi/lib/thumb/v7-m/nofp/libc_nano.a(libc_a-nano-vfprintf.o)
 .text.__sfputs_r
                0x08007fb6       0x24 /home/thuanphat7/st/stm32cubeide_1.15.1/plugins/com.st.stm32cube.ide.mcu.externaltools.gnu-tools-for-stm32.12.3.rel1.linux64_1.0.100.202403111256/tools/bin/../lib/gcc/arm-none-eabi/12.3.1/../../../../arm-none-eabi/lib/thumb/v7-m/nofp/libc_nano.a(libc_a-nano-vfprintf.o)
                0x08007fb6                __sfputs_r
 *fill*         0x08007fda        0x2 
 .text._vfprintf_r
                0x08007fdc      0x230 /home/thuanphat7/st/stm32cubeide_1.15.1/plugins/com.st.stm32cube.ide.mcu.externaltools.gnu-tools-for-stm32.12.3.rel1.linux64_1.0.100.202403111256/tools/bin/../lib/gcc/arm-none-eabi/12.3.1/../../../../arm-none-eabi/lib/thumb/v7-m/nofp/libc_nano.a(libc_a-nano-vfprintf.o)
                0x08007fdc                _vfiprintf_r
                0x08007fdc                _vfprintf_r
 .text._printf_common
                0x0800820c       0xe4 /home/thuanphat7/st/stm32cubeide_1.15.1/plugins/com.st.stm32cube.ide.mcu.externaltools.gnu-tools-for-stm32.12.3.rel1.linux64_1.0.100.202403111256/tools/bin/../lib/gcc/arm-none-eabi/12.3.1/../../../../arm-none-eabi/lib/thumb/v7-m/nofp/libc_nano.a(libc_a-nano-vfprintf_i.o)
                0x0800820c                _printf_common
 .text._printf_i
                0x080082f0      0x240 /home/thuanphat7/st/stm32cubeide_1.15.1/plugins/com.st.stm32cube.ide.mcu.externaltools.gnu-tools-for-stm32.12.3.rel1.linux64_1.0.100.202403111256/tools/bin/../lib/gcc/arm-none-eabi/12.3.1/../../../../arm-none-eabi/lib/thumb/v7-m/nofp/libc_nano.a(libc_a-nano-vfprintf_i.o)
                0x080082f0                _printf_i
 .text._scanf_chars
                0x08008530       0xb4 /home/thuanphat7/st/stm32cubeide_1.15.1/plugins/com.st.stm32cube.ide.mcu.externaltools.gnu-tools-for-stm32.12.3.rel1.linux64_1.0.100.202403111256/tools/bin/../lib/gcc/arm-none-eabi/12.3.1/../../../../arm-none-eabi/lib/thumb/v7-m/nofp/libc_nano.a(libc_a-nano-vfscanf_i.o)
                0x08008530                _scanf_chars
 .text._scanf_i
                0x080085e4      0x1e4 /home/thuanphat7/st/stm32cubeide_1.15.1/plugins/com.st.stm32cube.ide.mcu.externaltools.gnu-tools-for-stm32.12.3.rel1.linux64_1.0.100.202403111256/tools/bin/../lib/gcc/arm-none-eabi/12.3.1/../../../../arm-none-eabi/lib/thumb/v7-m/nofp/libc_nano.a(libc_a-nano-vfscanf_i.o)
                0x080085e4                _scanf_i
 .text.__sflush_r
                0x080087c8      0x100 /home/thuanphat7/st/stm32cubeide_1.15.1/plugins/com.st.stm32cube.ide.mcu.externaltools.gnu-tools-for-stm32.12.3.rel1.linux64_1.0.100.202403111256/tools/bin/../lib/gcc/arm-none-eabi/12.3.1/../../../../arm-none-eabi/lib/thumb/v7-m/nofp/libc_nano.a(libc_a-fflush.o)
                0x080087c8                __sflush_r
 .text._fflush_r
                0x080088c8       0x50 /home/thuanphat7/st/stm32cubeide_1.15.1/plugins/com.st.stm32cube.ide.mcu.externaltools.gnu-tools-for-stm32.12.3.rel1.linux64_1.0.100.202403111256/tools/bin/../lib/gcc/arm-none-eabi/12.3.1/../../../../arm-none-eabi/lib/thumb/v7-m/nofp/libc_nano.a(libc_a-fflush.o)
                0x080088c8                _fflush_r
 .text.__swhatbuf_r
                0x08008918       0x4a /home/thuanphat7/st/stm32cubeide_1.15.1/plugins/com.st.stm32cube.ide.mcu.externaltools.gnu-tools-for-stm32.12.3.rel1.linux64_1.0.100.202403111256/tools/bin/../lib/gcc/arm-none-eabi/12.3.1/../../../../arm-none-eabi/lib/thumb/v7-m/nofp/libc_nano.a(libc_a-makebuf.o)
                0x08008918                __swhatbuf_r
 .text.__smakebuf_r
                0x08008962       0x78 /home/thuanphat7/st/stm32cubeide_1.15.1/plugins/com.st.stm32cube.ide.mcu.externaltools.gnu-tools-for-stm32.12.3.rel1.linux64_1.0.100.202403111256/tools/bin/../lib/gcc/arm-none-eabi/12.3.1/../../../../arm-none-eabi/lib/thumb/v7-m/nofp/libc_nano.a(libc_a-makebuf.o)
                0x08008962                __smakebuf_r
 .text.__sccl   0x080089da       0x72 /home/thuanphat7/st/stm32cubeide_1.15.1/plugins/com.st.stm32cube.ide.mcu.externaltools.gnu-tools-for-stm32.12.3.rel1.linux64_1.0.100.202403111256/tools/bin/../lib/gcc/arm-none-eabi/12.3.1/../../../../arm-none-eabi/lib/thumb/v7-m/nofp/libc_nano.a(libc_a-sccl.o)
                0x080089da                __sccl
 .text.__submore
                0x08008a4c       0x70 /home/thuanphat7/st/stm32cubeide_1.15.1/plugins/com.st.stm32cube.ide.mcu.externaltools.gnu-tools-for-stm32.12.3.rel1.linux64_1.0.100.202403111256/tools/bin/../lib/gcc/arm-none-eabi/12.3.1/../../../../arm-none-eabi/lib/thumb/v7-m/nofp/libc_nano.a(libc_a-ungetc.o)
                0x08008a4c                __submore
 .text.memmove  0x08008abc       0x34 /home/thuanphat7/st/stm32cubeide_1.15.1/plugins/com.st.stm32cube.ide.mcu.externaltools.gnu-tools-for-stm32.12.3.rel1.linux64_1.0.100.202403111256/tools/bin/../lib/gcc/arm-none-eabi/12.3.1/../../../../arm-none-eabi/lib/thumb/v7-m/nofp/libc_nano.a(libc_a-memmove.o)
                0x08008abc                memmove
 .text._fstat_r
                0x08008af0       0x24 /home/thuanphat7/st/stm32cubeide_1.15.1/plugins/com.st.stm32cube.ide.mcu.externaltools.gnu-tools-for-stm32.12.3.rel1.linux64_1.0.100.202403111256/tools/bin/../lib/gcc/arm-none-eabi/12.3.1/../../../../arm-none-eabi/lib/thumb/v7-m/nofp/libc_nano.a(libc_a-fstatr.o)
                0x08008af0                _fstat_r
 .text._isatty_r
                0x08008b14       0x20 /home/thuanphat7/st/stm32cubeide_1.15.1/plugins/com.st.stm32cube.ide.mcu.externaltools.gnu-tools-for-stm32.12.3.rel1.linux64_1.0.100.202403111256/tools/bin/../lib/gcc/arm-none-eabi/12.3.1/../../../../arm-none-eabi/lib/thumb/v7-m/nofp/libc_nano.a(libc_a-isattyr.o)
                0x08008b14                _isatty_r
 .text.memchr   0x08008b34       0x1c /home/thuanphat7/st/stm32cubeide_1.15.1/plugins/com.st.stm32cube.ide.mcu.externaltools.gnu-tools-for-stm32.12.3.rel1.linux64_1.0.100.202403111256/tools/bin/../lib/gcc/arm-none-eabi/12.3.1/../../../../arm-none-eabi/lib/thumb/v7-m/nofp/libc_nano.a(libc_a-memchr-stub.o)
                0x08008b34                memchr
 .text._strtol_l.constprop.0
                0x08008b50       0xf4 /home/thuanphat7/st/stm32cubeide_1.15.1/plugins/com.st.stm32cube.ide.mcu.externaltools.gnu-tools-for-stm32.12.3.rel1.linux64_1.0.100.202403111256/tools/bin/../lib/gcc/arm-none-eabi/12.3.1/../../../../arm-none-eabi/lib/thumb/v7-m/nofp/libc_nano.a(libc_a-strtol.o)
 .text._strtol_r
                0x08008c44        0x4 /home/thuanphat7/st/stm32cubeide_1.15.1/plugins/com.st.stm32cube.ide.mcu.externaltools.gnu-tools-for-stm32.12.3.rel1.linux64_1.0.100.202403111256/tools/bin/../lib/gcc/arm-none-eabi/12.3.1/../../../../arm-none-eabi/lib/thumb/v7-m/nofp/libc_nano.a(libc_a-strtol.o)
                0x08008c44                _strtol_r
 .text._strtoul_l.constprop.0
                0x08008c48       0xdc /home/thuanphat7/st/stm32cubeide_1.15.1/plugins/com.st.stm32cube.ide.mcu.externaltools.gnu-tools-for-stm32.12.3.rel1.linux64_1.0.100.202403111256/tools/bin/../lib/gcc/arm-none-eabi/12.3.1/../../../../arm-none-eabi/lib/thumb/v7-m/nofp/libc_nano.a(libc_a-strtoul.o)
 .text._strtoul_r
                0x08008d24        0x4 /home/thuanphat7/st/stm32cubeide_1.15.1/plugins/com.st.stm32cube.ide.mcu.externaltools.gnu-tools-for-stm32.12.3.rel1.linux64_1.0.100.202403111256/tools/bin/../lib/gcc/arm-none-eabi/12.3.1/../../../../arm-none-eabi/lib/thumb/v7-m/nofp/libc_nano.a(libc_a-strtoul.o)
                0x08008d24                _strtoul_r
 *(.glue_7)
 .glue_7        0x08008d28        0x0 linker stubs
 *(.glue_7t)
 .glue_7t       0x08008d28        0x0 linker stubs
 *(.eh_frame)
 .eh_frame      0x08008d28        0x0 /home/thuanphat7/st/stm32cubeide_1.15.1/plugins/com.st.stm32cube.ide.mcu.externaltools.gnu-tools-for-stm32.12.3.rel1.linux64_1.0.100.202403111256/tools/bin/../lib/gcc/arm-none-eabi/12.3.1/thumb/v7-m/nofp/crtbegin.o
 *(.init)
 .init          0x08008d28        0x4 /home/thuanphat7/st/stm32cubeide_1.15.1/plugins/com.st.stm32cube.ide.mcu.externaltools.gnu-tools-for-stm32.12.3.rel1.linux64_1.0.100.202403111256/tools/bin/../lib/gcc/arm-none-eabi/12.3.1/thumb/v7-m/nofp/crti.o
                0x08008d28                _init
 .init          0x08008d2c        0x8 /home/thuanphat7/st/stm32cubeide_1.15.1/plugins/com.st.stm32cube.ide.mcu.externaltools.gnu-tools-for-stm32.12.3.rel1.linux64_1.0.100.202403111256/tools/bin/../lib/gcc/arm-none-eabi/12.3.1/thumb/v7-m/nofp/crtn.o
 *(.fini)
 .fini          0x08008d34        0x4 /home/thuanphat7/st/stm32cubeide_1.15.1/plugins/com.st.stm32cube.ide.mcu.externaltools.gnu-tools-for-stm32.12.3.rel1.linux64_1.0.100.202403111256/tools/bin/../lib/gcc/arm-none-eabi/12.3.1/thumb/v7-m/nofp/crti.o
                0x08008d34                _fini
 .fini          0x08008d38        0x8 /home/thuanphat7/st/stm32cubeide_1.15.1/plugins/com.st.stm32cube.ide.mcu.externaltools.gnu-tools-for-stm32.12.3.rel1.linux64_1.0.100.202403111256/tools/bin/../lib/gcc/arm-none-eabi/12.3.1/thumb/v7-m/nofp/crtn.o
                0x08008d40                        . = ALIGN (0x4)
                0x08008d40                        _etext = .

.vfp11_veneer   0x08008d40        0x0
 .vfp11_veneer  0x08008d40        0x0 linker stubs

.v4_bx          0x08008d40        0x0
 .v4_bx         0x08008d40        0x0 linker stubs

.iplt           0x08008d40        0x0
 .iplt          0x08008d40        0x0 /home/thuanphat7/st/stm32cubeide_1.15.1/plugins/com.st.stm32cube.ide.mcu.externaltools.gnu-tools-for-stm32.12.3.rel1.linux64_1.0.100.202403111256/tools/bin/../lib/gcc/arm-none-eabi/12.3.1/thumb/v7-m/nofp/crtbegin.o

.rodata         0x08008d40      0xe60
                0x08008d40                        . = ALIGN (0x4)
 *(.rodata)
 .rodata        0x08008d40       0x49 ./Core/Src/cJSON.o
 *fill*         0x08008d89        0x3 
 .rodata        0x08008d8c      0xb24 ./Core/Src/common_simcom.o
 .rodata        0x080098b0      0x113 ./Core/Src/connectivity.o
 *fill*         0x080099c3        0x1 
 .rodata        0x080099c4       0x3c ./Core/Src/main.o
 .rodata        0x08009a00        0xc /home/thuanphat7/st/stm32cubeide_1.15.1/plugins/com.st.stm32cube.ide.mcu.externaltools.gnu-tools-for-stm32.12.3.rel1.linux64_1.0.100.202403111256/tools/bin/../lib/gcc/arm-none-eabi/12.3.1/../../../../arm-none-eabi/lib/thumb/v7-m/nofp/libc_nano.a(libc_a-nano-vfscanf_i.o)
 *(.rodata*)
 .rodata.default_buffer_size.0
                0x08009a0c        0x4 ./Core/Src/cJSON.o
 .rodata.AHBPrescTable
                0x08009a10       0x10 ./Core/Src/system_stm32f1xx.o
                0x08009a10                AHBPrescTable
 .rodata.APBPrescTable
                0x08009a20        0x8 ./Core/Src/system_stm32f1xx.o
                0x08009a20                APBPrescTable
 .rodata.aPLLMULFactorTable.1
                0x08009a28       0x10 ./Drivers/STM32F1xx_HAL_Driver/Src/stm32f1xx_hal_rcc.o
 .rodata.aPredivFactorTable.0
                0x08009a38        0x2 ./Drivers/STM32F1xx_HAL_Driver/Src/stm32f1xx_hal_rcc.o
 *fill*         0x08009a3a        0x2 
 .rodata.aPLLMULFactorTable.1
                0x08009a3c       0x10 ./Drivers/STM32F1xx_HAL_Driver/Src/stm32f1xx_hal_rcc_ex.o
 .rodata.aPredivFactorTable.0
                0x08009a4c        0x2 ./Drivers/STM32F1xx_HAL_Driver/Src/stm32f1xx_hal_rcc_ex.o
 .rodata._ctype_
                0x08009a4e      0x101 /home/thuanphat7/st/stm32cubeide_1.15.1/plugins/com.st.stm32cube.ide.mcu.externaltools.gnu-tools-for-stm32.12.3.rel1.linux64_1.0.100.202403111256/tools/bin/../lib/gcc/arm-none-eabi/12.3.1/../../../../arm-none-eabi/lib/thumb/v7-m/nofp/libc_nano.a(libc_a-ctype_.o)
                0x08009a4e                _ctype_
 .rodata._svfprintf_r.str1.1
                0x08009b4f       0x11 /home/thuanphat7/st/stm32cubeide_1.15.1/plugins/com.st.stm32cube.ide.mcu.externaltools.gnu-tools-for-stm32.12.3.rel1.linux64_1.0.100.202403111256/tools/bin/../lib/gcc/arm-none-eabi/12.3.1/../../../../arm-none-eabi/lib/thumb/v7-m/nofp/libc_nano.a(libc_a-nano-svfprintf.o)
 .rodata.__ssvfscanf_r.str1.1
                0x08009b60        0x4 /home/thuanphat7/st/stm32cubeide_1.15.1/plugins/com.st.stm32cube.ide.mcu.externaltools.gnu-tools-for-stm32.12.3.rel1.linux64_1.0.100.202403111256/tools/bin/../lib/gcc/arm-none-eabi/12.3.1/../../../../arm-none-eabi/lib/thumb/v7-m/nofp/libc_nano.a(libc_a-nano-svfscanf.o)
 .rodata._vfprintf_r.str1.1
                0x08009b60       0x11 /home/thuanphat7/st/stm32cubeide_1.15.1/plugins/com.st.stm32cube.ide.mcu.externaltools.gnu-tools-for-stm32.12.3.rel1.linux64_1.0.100.202403111256/tools/bin/../lib/gcc/arm-none-eabi/12.3.1/../../../../arm-none-eabi/lib/thumb/v7-m/nofp/libc_nano.a(libc_a-nano-vfprintf.o)
 .rodata._printf_i.str1.1
                0x08009b60       0x22 /home/thuanphat7/st/stm32cubeide_1.15.1/plugins/com.st.stm32cube.ide.mcu.externaltools.gnu-tools-for-stm32.12.3.rel1.linux64_1.0.100.202403111256/tools/bin/../lib/gcc/arm-none-eabi/12.3.1/../../../../arm-none-eabi/lib/thumb/v7-m/nofp/libc_nano.a(libc_a-nano-vfprintf_i.o)
 .rodata._scanf_i.str1.1
                0x08009b82       0x12 /home/thuanphat7/st/stm32cubeide_1.15.1/plugins/com.st.stm32cube.ide.mcu.externaltools.gnu-tools-for-stm32.12.3.rel1.linux64_1.0.100.202403111256/tools/bin/../lib/gcc/arm-none-eabi/12.3.1/../../../../arm-none-eabi/lib/thumb/v7-m/nofp/libc_nano.a(libc_a-nano-vfscanf_i.o)
 .rodata.str1.1
                0x08009b94        0x9 /home/thuanphat7/st/stm32cubeide_1.15.1/plugins/com.st.stm32cube.ide.mcu.externaltools.gnu-tools-for-stm32.12.3.rel1.linux64_1.0.100.202403111256/tools/bin/../lib/gcc/arm-none-eabi/12.3.1/../../../../arm-none-eabi/lib/thumb/v7-m/nofp/libc_nano.a(libc_a-nano-vfscanf_i.o)
                0x08009ba0                        . = ALIGN (0x4)
 *fill*         0x08009b9d        0x3 

.ARM.extab      0x08009ba0        0x0
                0x08009ba0                        . = ALIGN (0x4)
 *(.ARM.extab* .gnu.linkonce.armextab.*)
                0x08009ba0                        . = ALIGN (0x4)

.ARM            0x08009ba0        0x8
                0x08009ba0                        . = ALIGN (0x4)
                0x08009ba0                        __exidx_start = .
 *(.ARM.exidx*)
 .ARM.exidx     0x08009ba0        0x8 /home/thuanphat7/st/stm32cubeide_1.15.1/plugins/com.st.stm32cube.ide.mcu.externaltools.gnu-tools-for-stm32.12.3.rel1.linux64_1.0.100.202403111256/tools/bin/../lib/gcc/arm-none-eabi/12.3.1/../../../../arm-none-eabi/lib/thumb/v7-m/nofp/libc_nano.a(libc_a-strlen.o)
                0x08009ba8                        __exidx_end = .
                0x08009ba8                        . = ALIGN (0x4)

.preinit_array  0x08009ba8        0x0
                0x08009ba8                        . = ALIGN (0x4)
                0x08009ba8                        PROVIDE (__preinit_array_start = .)
 *(.preinit_array*)
                0x08009ba8                        PROVIDE (__preinit_array_end = .)
                0x08009ba8                        . = ALIGN (0x4)

.init_array     0x08009ba8        0x4
                0x08009ba8                        . = ALIGN (0x4)
                0x08009ba8                        PROVIDE (__init_array_start = .)
 *(SORT_BY_NAME(.init_array.*))
 *(.init_array*)
 .init_array    0x08009ba8        0x4 /home/thuanphat7/st/stm32cubeide_1.15.1/plugins/com.st.stm32cube.ide.mcu.externaltools.gnu-tools-for-stm32.12.3.rel1.linux64_1.0.100.202403111256/tools/bin/../lib/gcc/arm-none-eabi/12.3.1/thumb/v7-m/nofp/crtbegin.o
                0x08009bac                        PROVIDE (__init_array_end = .)
                0x08009bac                        . = ALIGN (0x4)

.fini_array     0x08009bac        0x4
                0x08009bac                        . = ALIGN (0x4)
                [!provide]                        PROVIDE (__fini_array_start = .)
 *(SORT_BY_NAME(.fini_array.*))
 *(.fini_array*)
 .fini_array    0x08009bac        0x4 /home/thuanphat7/st/stm32cubeide_1.15.1/plugins/com.st.stm32cube.ide.mcu.externaltools.gnu-tools-for-stm32.12.3.rel1.linux64_1.0.100.202403111256/tools/bin/../lib/gcc/arm-none-eabi/12.3.1/thumb/v7-m/nofp/crtbegin.o
                [!provide]                        PROVIDE (__fini_array_end = .)
                0x08009bb0                        . = ALIGN (0x4)
                0x08009bb0                        _sidata = LOADADDR (.data)

.rel.dyn        0x08009bb0        0x0
 .rel.iplt      0x08009bb0        0x0 /home/thuanphat7/st/stm32cubeide_1.15.1/plugins/com.st.stm32cube.ide.mcu.externaltools.gnu-tools-for-stm32.12.3.rel1.linux64_1.0.100.202403111256/tools/bin/../lib/gcc/arm-none-eabi/12.3.1/thumb/v7-m/nofp/crtbegin.o

.data           0x20000000       0x9c load address 0x08009bb0
                0x20000000                        . = ALIGN (0x4)
                0x20000000                        _sdata = .
 *(.data)
 *(.data*)
 .data.global_hooks
                0x20000000        0xc ./Core/Src/cJSON.o
 .data.timeout_pb_done
                0x2000000c        0x4 ./Core/Src/common_simcom.o
                0x2000000c                timeout_pb_done
 .data.GPIO_LOAD_PORT
                0x20000010       0x10 ./Core/Src/main.o
                0x20000010                GPIO_LOAD_PORT
 .data.GPIO_LOAD_PIN
                0x20000020       0x10 ./Core/Src/main.o
                0x20000020                GPIO_LOAD_PIN
 .data.rssi     0x20000030        0x4 ./Core/Src/main.o
                0x20000030                rssi
 .data.SystemCoreClock
                0x20000034        0x4 ./Core/Src/system_stm32f1xx.o
                0x20000034                SystemCoreClock
 .data.uwTickPrio
                0x20000038        0x4 ./Drivers/STM32F1xx_HAL_Driver/Src/stm32f1xx_hal.o
                0x20000038                uwTickPrio
 .data.uwTickFreq
                0x2000003c        0x1 ./Drivers/STM32F1xx_HAL_Driver/Src/stm32f1xx_hal.o
                0x2000003c                uwTickFreq
 *fill*         0x2000003d        0x3 
 .data.__sglue  0x20000040        0xc /home/thuanphat7/st/stm32cubeide_1.15.1/plugins/com.st.stm32cube.ide.mcu.externaltools.gnu-tools-for-stm32.12.3.rel1.linux64_1.0.100.202403111256/tools/bin/../lib/gcc/arm-none-eabi/12.3.1/../../../../arm-none-eabi/lib/thumb/v7-m/nofp/libc_nano.a(libc_a-findfp.o)
                0x20000040                __sglue
 .data._impure_ptr
                0x2000004c        0x4 /home/thuanphat7/st/stm32cubeide_1.15.1/plugins/com.st.stm32cube.ide.mcu.externaltools.gnu-tools-for-stm32.12.3.rel1.linux64_1.0.100.202403111256/tools/bin/../lib/gcc/arm-none-eabi/12.3.1/../../../../arm-none-eabi/lib/thumb/v7-m/nofp/libc_nano.a(libc_a-impure.o)
                0x2000004c                _impure_ptr
 .data._impure_data
                0x20000050       0x4c /home/thuanphat7/st/stm32cubeide_1.15.1/plugins/com.st.stm32cube.ide.mcu.externaltools.gnu-tools-for-stm32.12.3.rel1.linux64_1.0.100.202403111256/tools/bin/../lib/gcc/arm-none-eabi/12.3.1/../../../../arm-none-eabi/lib/thumb/v7-m/nofp/libc_nano.a(libc_a-impure.o)
                0x20000050                _impure_data
 *(.RamFunc)
 *(.RamFunc*)
                0x2000009c                        . = ALIGN (0x4)
                0x2000009c                        _edata = .

.igot.plt       0x2000009c        0x0 load address 0x08009c4c
 .igot.plt      0x2000009c        0x0 /home/thuanphat7/st/stm32cubeide_1.15.1/plugins/com.st.stm32cube.ide.mcu.externaltools.gnu-tools-for-stm32.12.3.rel1.linux64_1.0.100.202403111256/tools/bin/../lib/gcc/arm-none-eabi/12.3.1/thumb/v7-m/nofp/crtbegin.o
                0x2000009c                        . = ALIGN (0x4)

.bss            0x200000a0      0xcfc load address 0x08009c4c
                0x200000a0                        _sbss = .
                0x200000a0                        __bss_start__ = _sbss
 *(.bss)
 .bss           0x200000a0       0x1c /home/thuanphat7/st/stm32cubeide_1.15.1/plugins/com.st.stm32cube.ide.mcu.externaltools.gnu-tools-for-stm32.12.3.rel1.linux64_1.0.100.202403111256/tools/bin/../lib/gcc/arm-none-eabi/12.3.1/thumb/v7-m/nofp/crtbegin.o
 *(.bss*)
 .bss.AT_Connect_MQTT
                0x200000bc        0x1 ./Core/Src/common_simcom.o
                0x200000bc                AT_Connect_MQTT
 .bss.AT_Acquier_MQTT
                0x200000bd        0x1 ./Core/Src/common_simcom.o
                0x200000bd                AT_Acquier_MQTT
 .bss.AT_Subcribe_Topic_MQTT
                0x200000be        0x1 ./Core/Src/common_simcom.o
                0x200000be                AT_Subcribe_Topic_MQTT
 .bss.AT_Subcribe_MQTT
                0x200000bf        0x1 ./Core/Src/common_simcom.o
                0x200000bf                AT_Subcribe_MQTT
 .bss.AT_Topic_Puplish_MQTT
                0x200000c0        0x1 ./Core/Src/common_simcom.o
                0x200000c0                AT_Topic_Puplish_MQTT
 .bss.AT_Data_Puplish_MQTT
                0x200000c1        0x1 ./Core/Src/common_simcom.o
                0x200000c1                AT_Data_Puplish_MQTT
 .bss.AT_Puplish_MQTT
                0x200000c2        0x1 ./Core/Src/common_simcom.o
                0x200000c2                AT_Puplish_MQTT
 .bss.AT_Check_Dis_MQTT
                0x200000c3        0x1 ./Core/Src/common_simcom.o
                0x200000c3                AT_Check_Dis_MQTT
 .bss.AT_Disconnect_MQTT
                0x200000c4        0x1 ./Core/Src/common_simcom.o
                0x200000c4                AT_Disconnect_MQTT
 .bss.AT_Rel_MQTT
                0x200000c5        0x1 ./Core/Src/common_simcom.o
                0x200000c5                AT_Rel_MQTT
 .bss.AT_Stop_MQTT
                0x200000c6        0x1 ./Core/Src/common_simcom.o
                0x200000c6                AT_Stop_MQTT
 .bss.inital_check
                0x200000c7        0x1 ./Core/Src/common_simcom.o
                0x200000c7                inital_check
 .bss.count_errors
                0x200000c8        0x2 ./Core/Src/common_simcom.o
                0x200000c8                count_errors
 *fill*         0x200000ca        0x2 
 .bss.array_json
                0x200000cc       0x96 ./Core/Src/connectivity.o
                0x200000cc                array_json
 *fill*         0x20000162        0x2 
 .bss.times.0   0x20000164        0x4 ./Core/Src/connectivity.o
 .bss.AT_COMMAND
                0x20000168       0x64 ./Core/Src/main.o
                0x20000168                AT_COMMAND
 .bss.SignalStrength
                0x200001cc        0x4 ./Core/Src/main.o
                0x200001cc                SignalStrength
 .bss.onReay    0x200001d0        0x4 ./Core/Src/main.o
                0x200001d0                onReay
 .bss.isPBDONE  0x200001d4        0x4 ./Core/Src/main.o
                0x200001d4                isPBDONE
 .bss.payLoadPin
                0x200001d8        0x4 ./Core/Src/main.o
                0x200001d8                payLoadPin
 .bss.rxBuffer  0x200001dc       0x96 ./Core/Src/main.o
                0x200001dc                rxBuffer
 *fill*         0x20000272        0x2 
 .bss.rx_data_sim
                0x20000274       0x96 ./Core/Src/main.o
                0x20000274                rx_data_sim
 *fill*         0x2000030a        0x2 
 .bss.previousTick
                0x2000030c        0x4 ./Core/Src/main.o
                0x2000030c                previousTick
 .bss.isConnectSimcomA76xx
                0x20000310        0x4 ./Core/Src/main.o
                0x20000310                isConnectSimcomA76xx
 .bss.isConnectMQTT
                0x20000314        0x4 ./Core/Src/main.o
                0x20000314                isConnectMQTT
 .bss.Data_Percentage_pin
                0x20000318        0x4 ./Core/Src/main.o
                0x20000318                Data_Percentage_pin
 .bss.update_status_to_server
                0x2000031c        0x4 ./Core/Src/main.o
                0x2000031c                update_status_to_server
 .bss.int_sensor_pressre
                0x20000320        0x4 ./Core/Src/main.o
                0x20000320                int_sensor_pressre
 .bss.fn_Enable_MQTT
                0x20000324        0x1 ./Core/Src/main.o
                0x20000324                fn_Enable_MQTT
 .bss.fn_Connect_MQTT
                0x20000325        0x1 ./Core/Src/main.o
                0x20000325                fn_Connect_MQTT
 .bss.fn_CheckSim
                0x20000326        0x1 ./Core/Src/main.o
                0x20000326                fn_CheckSim
 .bss.fn_Subcribe_MQTT
                0x20000327        0x1 ./Core/Src/main.o
                0x20000327                fn_Subcribe_MQTT
 .bss.fn_Publish_MQTT
                0x20000328        0x1 ./Core/Src/main.o
                0x20000328                fn_Publish_MQTT
 .bss.fn_Acquier_MQTT
                0x20000329        0x1 ./Core/Src/main.o
                0x20000329                fn_Acquier_MQTT
 .bss.fn_update_status
                0x2000032a        0x1 ./Core/Src/main.o
                0x2000032a                fn_update_status
 .bss.is_sleep_mode
                0x2000032b        0x1 ./Core/Src/main.o
                0x2000032b                is_sleep_mode
 .bss.hadc1     0x2000032c       0x30 ./Core/Src/main.o
                0x2000032c                hadc1
 .bss.hadc2     0x2000035c       0x30 ./Core/Src/main.o
                0x2000035c                hadc2
 .bss.htim6     0x2000038c       0x48 ./Core/Src/main.o
                0x2000038c                htim6
 .bss.huart1    0x200003d4       0x48 ./Core/Src/main.o
                0x200003d4                huart1
 .bss.val_adc   0x2000041c        0x4 ./Core/Src/ss_yb2jf.o
                0x2000041c                val_adc
 .bss.distance  0x20000420        0x4 ./Core/Src/ss_yb2jf.o
                0x20000420                distance
 .bss.array_ADC
                0x20000424      0x7d0 ./Core/Src/ss_yb2jf.o
                0x20000424                array_ADC
 .bss.filter_adc
                0x20000bf4        0x4 ./Core/Src/ss_yb2jf.o
                0x20000bf4                filter_adc
 .bss.kalman_adc
                0x20000bf8        0x4 ./Core/Src/ss_yb2jf.o
                0x20000bf8                kalman_adc
 .bss.kalman_adc_old.3
                0x20000bfc        0x4 ./Core/Src/ss_yb2jf.o
 .bss.x_k1_k1.2
                0x20000c00        0x4 ./Core/Src/ss_yb2jf.o
 .bss.x_k_k1.1  0x20000c04        0x4 ./Core/Src/ss_yb2jf.o
 .bss.P_k1_k1.0
                0x20000c08        0x4 ./Core/Src/ss_yb2jf.o
 .bss.val       0x20000c0c        0x4 ./Core/Src/status_coild.o
                0x20000c0c                val
 .bss.Read      0x20000c10        0x4 ./Core/Src/status_coild.o
                0x20000c10                Read
 .bss.status_load
                0x20000c14       0x10 ./Core/Src/status_coild.o
                0x20000c14                status_load
 .bss.__sbrk_heap_end
                0x20000c24        0x4 ./Core/Src/sysmem.o
 .bss.uwTick    0x20000c28        0x4 ./Drivers/STM32F1xx_HAL_Driver/Src/stm32f1xx_hal.o
                0x20000c28                uwTick
 *fill*         0x20000c2c        0x4 
 .bss.pFlash    0x20000c30       0x20 ./Drivers/STM32F1xx_HAL_Driver/Src/stm32f1xx_hal_flash.o
                0x20000c30                pFlash
 .bss.__malloc_sbrk_start
                0x20000c50        0x4 /home/thuanphat7/st/stm32cubeide_1.15.1/plugins/com.st.stm32cube.ide.mcu.externaltools.gnu-tools-for-stm32.12.3.rel1.linux64_1.0.100.202403111256/tools/bin/../lib/gcc/arm-none-eabi/12.3.1/../../../../arm-none-eabi/lib/thumb/v7-m/nofp/libc_nano.a(libc_a-mallocr.o)
                0x20000c50                __malloc_sbrk_start
 .bss.__malloc_free_list
                0x20000c54        0x4 /home/thuanphat7/st/stm32cubeide_1.15.1/plugins/com.st.stm32cube.ide.mcu.externaltools.gnu-tools-for-stm32.12.3.rel1.linux64_1.0.100.202403111256/tools/bin/../lib/gcc/arm-none-eabi/12.3.1/../../../../arm-none-eabi/lib/thumb/v7-m/nofp/libc_nano.a(libc_a-mallocr.o)
                0x20000c54                __malloc_free_list
 .bss.__sf      0x20000c58      0x138 /home/thuanphat7/st/stm32cubeide_1.15.1/plugins/com.st.stm32cube.ide.mcu.externaltools.gnu-tools-for-stm32.12.3.rel1.linux64_1.0.100.202403111256/tools/bin/../lib/gcc/arm-none-eabi/12.3.1/../../../../arm-none-eabi/lib/thumb/v7-m/nofp/libc_nano.a(libc_a-findfp.o)
                0x20000c58                __sf
 .bss.__stdio_exit_handler
                0x20000d90        0x4 /home/thuanphat7/st/stm32cubeide_1.15.1/plugins/com.st.stm32cube.ide.mcu.externaltools.gnu-tools-for-stm32.12.3.rel1.linux64_1.0.100.202403111256/tools/bin/../lib/gcc/arm-none-eabi/12.3.1/../../../../arm-none-eabi/lib/thumb/v7-m/nofp/libc_nano.a(libc_a-findfp.o)
                0x20000d90                __stdio_exit_handler
 .bss.errno     0x20000d94        0x4 /home/thuanphat7/st/stm32cubeide_1.15.1/plugins/com.st.stm32cube.ide.mcu.externaltools.gnu-tools-for-stm32.12.3.rel1.linux64_1.0.100.202403111256/tools/bin/../lib/gcc/arm-none-eabi/12.3.1/../../../../arm-none-eabi/lib/thumb/v7-m/nofp/libc_nano.a(libc_a-reent.o)
                0x20000d94                errno
 .bss.__lock___malloc_recursive_mutex
                0x20000d98        0x1 /home/thuanphat7/st/stm32cubeide_1.15.1/plugins/com.st.stm32cube.ide.mcu.externaltools.gnu-tools-for-stm32.12.3.rel1.linux64_1.0.100.202403111256/tools/bin/../lib/gcc/arm-none-eabi/12.3.1/../../../../arm-none-eabi/lib/thumb/v7-m/nofp/libc_nano.a(libc_a-lock.o)
                0x20000d98                __lock___malloc_recursive_mutex
 .bss.__lock___sfp_recursive_mutex
                0x20000d99        0x1 /home/thuanphat7/st/stm32cubeide_1.15.1/plugins/com.st.stm32cube.ide.mcu.externaltools.gnu-tools-for-stm32.12.3.rel1.linux64_1.0.100.202403111256/tools/bin/../lib/gcc/arm-none-eabi/12.3.1/../../../../arm-none-eabi/lib/thumb/v7-m/nofp/libc_nano.a(libc_a-lock.o)
                0x20000d99                __lock___sfp_recursive_mutex
 *(COMMON)
                0x20000d9c                        . = ALIGN (0x4)
 *fill*         0x20000d9a        0x2 
                0x20000d9c                        _ebss = .
                0x20000d9c                        __bss_end__ = _ebss

._user_heap_stack
                0x20000d9c      0x604 load address 0x08009c4c
                0x20000da0                        . = ALIGN (0x8)
 *fill*         0x20000d9c        0x4 
                [!provide]                        PROVIDE (end = .)
                0x20000da0                        PROVIDE (_end = .)
                0x20000fa0                        . = (. + _Min_Heap_Size)
 *fill*         0x20000da0      0x200 
                0x200013a0                        . = (. + _Min_Stack_Size)
 *fill*         0x20000fa0      0x400 
                0x200013a0                        . = ALIGN (0x8)

/DISCARD/
 libc.a(*)
 libm.a(*)
 libgcc.a(*)

.ARM.attributes
                0x00000000       0x29
 *(.ARM.attributes)
 .ARM.attributes
                0x00000000       0x1d /home/thuanphat7/st/stm32cubeide_1.15.1/plugins/com.st.stm32cube.ide.mcu.externaltools.gnu-tools-for-stm32.12.3.rel1.linux64_1.0.100.202403111256/tools/bin/../lib/gcc/arm-none-eabi/12.3.1/thumb/v7-m/nofp/crti.o
 .ARM.attributes
                0x0000001d       0x2d /home/thuanphat7/st/stm32cubeide_1.15.1/plugins/com.st.stm32cube.ide.mcu.externaltools.gnu-tools-for-stm32.12.3.rel1.linux64_1.0.100.202403111256/tools/bin/../lib/gcc/arm-none-eabi/12.3.1/thumb/v7-m/nofp/crtbegin.o
 .ARM.attributes
                0x0000004a       0x2d ./Core/Src/cJSON.o
 .ARM.attributes
                0x00000077       0x2d ./Core/Src/common_simcom.o
 .ARM.attributes
                0x000000a4       0x2d ./Core/Src/connectivity.o
 .ARM.attributes
                0x000000d1       0x2d ./Core/Src/main.o
 .ARM.attributes
                0x000000fe       0x2d ./Core/Src/ss_yb2jf.o
 .ARM.attributes
                0x0000012b       0x2d ./Core/Src/status_coild.o
 .ARM.attributes
                0x00000158       0x2d ./Core/Src/stm32f1xx_hal_msp.o
 .ARM.attributes
                0x00000185       0x2d ./Core/Src/stm32f1xx_it.o
 .ARM.attributes
                0x000001b2       0x2d ./Core/Src/syscalls.o
 .ARM.attributes
                0x000001df       0x2d ./Core/Src/sysmem.o
 .ARM.attributes
                0x0000020c       0x2d ./Core/Src/system_stm32f1xx.o
 .ARM.attributes
                0x00000239       0x21 ./Core/Startup/startup_stm32f103retx.o
 .ARM.attributes
                0x0000025a       0x2d ./Drivers/STM32F1xx_HAL_Driver/Src/stm32f1xx_hal.o
 .ARM.attributes
                0x00000287       0x2d ./Drivers/STM32F1xx_HAL_Driver/Src/stm32f1xx_hal_adc.o
 .ARM.attributes
                0x000002b4       0x2d ./Drivers/STM32F1xx_HAL_Driver/Src/stm32f1xx_hal_cortex.o
 .ARM.attributes
                0x000002e1       0x2d ./Drivers/STM32F1xx_HAL_Driver/Src/stm32f1xx_hal_dma.o
 .ARM.attributes
                0x0000030e       0x2d ./Drivers/STM32F1xx_HAL_Driver/Src/stm32f1xx_hal_flash.o
 .ARM.attributes
                0x0000033b       0x2d ./Drivers/STM32F1xx_HAL_Driver/Src/stm32f1xx_hal_flash_ex.o
 .ARM.attributes
                0x00000368       0x2d ./Drivers/STM32F1xx_HAL_Driver/Src/stm32f1xx_hal_gpio.o
 .ARM.attributes
                0x00000395       0x2d ./Drivers/STM32F1xx_HAL_Driver/Src/stm32f1xx_hal_pwr.o
 .ARM.attributes
                0x000003c2       0x2d ./Drivers/STM32F1xx_HAL_Driver/Src/stm32f1xx_hal_rcc.o
 .ARM.attributes
                0x000003ef       0x2d ./Drivers/STM32F1xx_HAL_Driver/Src/stm32f1xx_hal_rcc_ex.o
 .ARM.attributes
                0x0000041c       0x2d ./Drivers/STM32F1xx_HAL_Driver/Src/stm32f1xx_hal_tim.o
 .ARM.attributes
                0x00000449       0x2d ./Drivers/STM32F1xx_HAL_Driver/Src/stm32f1xx_hal_tim_ex.o
 .ARM.attributes
                0x00000476       0x2d ./Drivers/STM32F1xx_HAL_Driver/Src/stm32f1xx_hal_uart.o
 .ARM.attributes
                0x000004a3       0x2d /home/thuanphat7/st/stm32cubeide_1.15.1/plugins/com.st.stm32cube.ide.mcu.externaltools.gnu-tools-for-stm32.12.3.rel1.linux64_1.0.100.202403111256/tools/bin/../lib/gcc/arm-none-eabi/12.3.1/../../../../arm-none-eabi/lib/thumb/v7-m/nofp/libc_nano.a(libc_a-malloc.o)
 .ARM.attributes
                0x000004d0       0x2d /home/thuanphat7/st/stm32cubeide_1.15.1/plugins/com.st.stm32cube.ide.mcu.externaltools.gnu-tools-for-stm32.12.3.rel1.linux64_1.0.100.202403111256/tools/bin/../lib/gcc/arm-none-eabi/12.3.1/../../../../arm-none-eabi/lib/thumb/v7-m/nofp/libc_nano.a(libc_a-mallocr.o)
 .ARM.attributes
                0x000004fd       0x2d /home/thuanphat7/st/stm32cubeide_1.15.1/plugins/com.st.stm32cube.ide.mcu.externaltools.gnu-tools-for-stm32.12.3.rel1.linux64_1.0.100.202403111256/tools/bin/../lib/gcc/arm-none-eabi/12.3.1/../../../../arm-none-eabi/lib/thumb/v7-m/nofp/libc_nano.a(libc_a-mlock.o)
 .ARM.attributes
                0x0000052a       0x2d /home/thuanphat7/st/stm32cubeide_1.15.1/plugins/com.st.stm32cube.ide.mcu.externaltools.gnu-tools-for-stm32.12.3.rel1.linux64_1.0.100.202403111256/tools/bin/../lib/gcc/arm-none-eabi/12.3.1/../../../../arm-none-eabi/lib/thumb/v7-m/nofp/libc_nano.a(libc_a-realloc.o)
 .ARM.attributes
                0x00000557       0x2d /home/thuanphat7/st/stm32cubeide_1.15.1/plugins/com.st.stm32cube.ide.mcu.externaltools.gnu-tools-for-stm32.12.3.rel1.linux64_1.0.100.202403111256/tools/bin/../lib/gcc/arm-none-eabi/12.3.1/../../../../arm-none-eabi/lib/thumb/v7-m/nofp/libc_nano.a(libc_a-reallocr.o)
 .ARM.attributes
                0x00000584       0x2d /home/thuanphat7/st/stm32cubeide_1.15.1/plugins/com.st.stm32cube.ide.mcu.externaltools.gnu-tools-for-stm32.12.3.rel1.linux64_1.0.100.202403111256/tools/bin/../lib/gcc/arm-none-eabi/12.3.1/../../../../arm-none-eabi/lib/thumb/v7-m/nofp/libc_nano.a(libc_a-ctype_.o)
 .ARM.attributes
                0x000005b1       0x2d /home/thuanphat7/st/stm32cubeide_1.15.1/plugins/com.st.stm32cube.ide.mcu.externaltools.gnu-tools-for-stm32.12.3.rel1.linux64_1.0.100.202403111256/tools/bin/../lib/gcc/arm-none-eabi/12.3.1/../../../../arm-none-eabi/lib/thumb/v7-m/nofp/libc_nano.a(libc_a-findfp.o)
 .ARM.attributes
                0x000005de       0x2d /home/thuanphat7/st/stm32cubeide_1.15.1/plugins/com.st.stm32cube.ide.mcu.externaltools.gnu-tools-for-stm32.12.3.rel1.linux64_1.0.100.202403111256/tools/bin/../lib/gcc/arm-none-eabi/12.3.1/../../../../arm-none-eabi/lib/thumb/v7-m/nofp/libc_nano.a(libc_a-fwalk.o)
 .ARM.attributes
                0x0000060b       0x2d /home/thuanphat7/st/stm32cubeide_1.15.1/plugins/com.st.stm32cube.ide.mcu.externaltools.gnu-tools-for-stm32.12.3.rel1.linux64_1.0.100.202403111256/tools/bin/../lib/gcc/arm-none-eabi/12.3.1/../../../../arm-none-eabi/lib/thumb/v7-m/nofp/libc_nano.a(libc_a-printf.o)
 .ARM.attributes
                0x00000638       0x2d /home/thuanphat7/st/stm32cubeide_1.15.1/plugins/com.st.stm32cube.ide.mcu.externaltools.gnu-tools-for-stm32.12.3.rel1.linux64_1.0.100.202403111256/tools/bin/../lib/gcc/arm-none-eabi/12.3.1/../../../../arm-none-eabi/lib/thumb/v7-m/nofp/libc_nano.a(libc_a-puts.o)
 .ARM.attributes
                0x00000665       0x2d /home/thuanphat7/st/stm32cubeide_1.15.1/plugins/com.st.stm32cube.ide.mcu.externaltools.gnu-tools-for-stm32.12.3.rel1.linux64_1.0.100.202403111256/tools/bin/../lib/gcc/arm-none-eabi/12.3.1/../../../../arm-none-eabi/lib/thumb/v7-m/nofp/libc_nano.a(libc_a-sprintf.o)
 .ARM.attributes
                0x00000692       0x2d /home/thuanphat7/st/stm32cubeide_1.15.1/plugins/com.st.stm32cube.ide.mcu.externaltools.gnu-tools-for-stm32.12.3.rel1.linux64_1.0.100.202403111256/tools/bin/../lib/gcc/arm-none-eabi/12.3.1/../../../../arm-none-eabi/lib/thumb/v7-m/nofp/libc_nano.a(libc_a-sscanf.o)
 .ARM.attributes