../Drivers/CMSIS/Include/core_cm3.h:1876:26:ITM_SendChar	16	static,ignoring_inline_asm
../Core/Src/main.c:120:5:_write	32	static
../Core/Src/main.c:129:6:HAL_TIM_PeriodElapsedCallback	16	static
../Core/Src/main.c:148:5:main	8	static
../Core/Src/main.c:218:6:SystemClock_Config	96	static
../Core/Src/main.c:265:13:MX_ADC1_Init	24	static
../Core/Src/main.c:312:13:MX_ADC2_Init	24	static
../Core/Src/main.c:359:13:MX_TIM6_Init	16	static
../Core/Src/main.c:397:13:MX_USART1_UART_Init	8	static
../Core/Src/main.c:430:13:MX_GPIO_Init	40	static
../Core/Src/main.c:484:6:Error_Handler	4	static,ignoring_inline_asm
